Archive member included to satisfy reference by file (symbol)

/opt/st/stm32cubeide_1.9.0/plugins/com.st.stm32cube.ide.mcu.externaltools.gnu-tools-for-stm32.10.3-2021.10.linux64_1.0.0.202111181127/tools/bin/../lib/gcc/arm-none-eabi/10.3.1/../../../../arm-none-eabi/lib/thumb/v7e-m+fp/hard/libc_nano.a(lib_a-errno.o)
                              ./Core/Src/syscalls.o (__errno)
/opt/st/stm32cubeide_1.9.0/plugins/com.st.stm32cube.ide.mcu.externaltools.gnu-tools-for-stm32.10.3-2021.10.linux64_1.0.0.202111181127/tools/bin/../lib/gcc/arm-none-eabi/10.3.1/../../../../arm-none-eabi/lib/thumb/v7e-m+fp/hard/libc_nano.a(lib_a-exit.o)
                              /opt/st/stm32cubeide_1.9.0/plugins/com.st.stm32cube.ide.mcu.externaltools.gnu-tools-for-stm32.10.3-2021.10.linux64_1.0.0.202111181127/tools/bin/../lib/gcc/arm-none-eabi/10.3.1/../../../../arm-none-eabi/lib/thumb/v7e-m+fp/hard/crt0.o (exit)
/opt/st/stm32cubeide_1.9.0/plugins/com.st.stm32cube.ide.mcu.externaltools.gnu-tools-for-stm32.10.3-2021.10.linux64_1.0.0.202111181127/tools/bin/../lib/gcc/arm-none-eabi/10.3.1/../../../../arm-none-eabi/lib/thumb/v7e-m+fp/hard/libc_nano.a(lib_a-impure.o)
                              /opt/st/stm32cubeide_1.9.0/plugins/com.st.stm32cube.ide.mcu.externaltools.gnu-tools-for-stm32.10.3-2021.10.linux64_1.0.0.202111181127/tools/bin/../lib/gcc/arm-none-eabi/10.3.1/../../../../arm-none-eabi/lib/thumb/v7e-m+fp/hard/libc_nano.a(lib_a-exit.o) (_global_impure_ptr)
/opt/st/stm32cubeide_1.9.0/plugins/com.st.stm32cube.ide.mcu.externaltools.gnu-tools-for-stm32.10.3-2021.10.linux64_1.0.0.202111181127/tools/bin/../lib/gcc/arm-none-eabi/10.3.1/../../../../arm-none-eabi/lib/thumb/v7e-m+fp/hard/libc_nano.a(lib_a-init.o)
                              /opt/st/stm32cubeide_1.9.0/plugins/com.st.stm32cube.ide.mcu.externaltools.gnu-tools-for-stm32.10.3-2021.10.linux64_1.0.0.202111181127/tools/bin/../lib/gcc/arm-none-eabi/10.3.1/../../../../arm-none-eabi/lib/thumb/v7e-m+fp/hard/crt0.o (__libc_init_array)
/opt/st/stm32cubeide_1.9.0/plugins/com.st.stm32cube.ide.mcu.externaltools.gnu-tools-for-stm32.10.3-2021.10.linux64_1.0.0.202111181127/tools/bin/../lib/gcc/arm-none-eabi/10.3.1/../../../../arm-none-eabi/lib/thumb/v7e-m+fp/hard/libc_nano.a(lib_a-memset.o)
                              /opt/st/stm32cubeide_1.9.0/plugins/com.st.stm32cube.ide.mcu.externaltools.gnu-tools-for-stm32.10.3-2021.10.linux64_1.0.0.202111181127/tools/bin/../lib/gcc/arm-none-eabi/10.3.1/../../../../arm-none-eabi/lib/thumb/v7e-m+fp/hard/crt0.o (memset)

Discarded input sections

 .text          0x0000000000000000        0x0 /opt/st/stm32cubeide_1.9.0/plugins/com.st.stm32cube.ide.mcu.externaltools.gnu-tools-for-stm32.10.3-2021.10.linux64_1.0.0.202111181127/tools/bin/../lib/gcc/arm-none-eabi/10.3.1/thumb/v7e-m+fp/hard/crti.o
 .data          0x0000000000000000        0x0 /opt/st/stm32cubeide_1.9.0/plugins/com.st.stm32cube.ide.mcu.externaltools.gnu-tools-for-stm32.10.3-2021.10.linux64_1.0.0.202111181127/tools/bin/../lib/gcc/arm-none-eabi/10.3.1/thumb/v7e-m+fp/hard/crti.o
 .bss           0x0000000000000000        0x0 /opt/st/stm32cubeide_1.9.0/plugins/com.st.stm32cube.ide.mcu.externaltools.gnu-tools-for-stm32.10.3-2021.10.linux64_1.0.0.202111181127/tools/bin/../lib/gcc/arm-none-eabi/10.3.1/thumb/v7e-m+fp/hard/crti.o
 .data          0x0000000000000000        0x4 /opt/st/stm32cubeide_1.9.0/plugins/com.st.stm32cube.ide.mcu.externaltools.gnu-tools-for-stm32.10.3-2021.10.linux64_1.0.0.202111181127/tools/bin/../lib/gcc/arm-none-eabi/10.3.1/thumb/v7e-m+fp/hard/crtbegin.o
 .rodata        0x0000000000000000       0x24 /opt/st/stm32cubeide_1.9.0/plugins/com.st.stm32cube.ide.mcu.externaltools.gnu-tools-for-stm32.10.3-2021.10.linux64_1.0.0.202111181127/tools/bin/../lib/gcc/arm-none-eabi/10.3.1/thumb/v7e-m+fp/hard/crtbegin.o
 .text          0x0000000000000000       0x7c /opt/st/stm32cubeide_1.9.0/plugins/com.st.stm32cube.ide.mcu.externaltools.gnu-tools-for-stm32.10.3-2021.10.linux64_1.0.0.202111181127/tools/bin/../lib/gcc/arm-none-eabi/10.3.1/../../../../arm-none-eabi/lib/thumb/v7e-m+fp/hard/crt0.o
 .data          0x0000000000000000        0x0 /opt/st/stm32cubeide_1.9.0/plugins/com.st.stm32cube.ide.mcu.externaltools.gnu-tools-for-stm32.10.3-2021.10.linux64_1.0.0.202111181127/tools/bin/../lib/gcc/arm-none-eabi/10.3.1/../../../../arm-none-eabi/lib/thumb/v7e-m+fp/hard/crt0.o
 .bss           0x0000000000000000        0x0 /opt/st/stm32cubeide_1.9.0/plugins/com.st.stm32cube.ide.mcu.externaltools.gnu-tools-for-stm32.10.3-2021.10.linux64_1.0.0.202111181127/tools/bin/../lib/gcc/arm-none-eabi/10.3.1/../../../../arm-none-eabi/lib/thumb/v7e-m+fp/hard/crt0.o
 .ARM.extab     0x0000000000000000        0x0 /opt/st/stm32cubeide_1.9.0/plugins/com.st.stm32cube.ide.mcu.externaltools.gnu-tools-for-stm32.10.3-2021.10.linux64_1.0.0.202111181127/tools/bin/../lib/gcc/arm-none-eabi/10.3.1/../../../../arm-none-eabi/lib/thumb/v7e-m+fp/hard/crt0.o
[...]
Memory Configuration

Name             Origin             Length             Attributes
RAM              0x0000000020000000 0x0000000000018000 xrw
RAM2             0x0000000010000000 0x0000000000008000 xrw
FLASH            0x0000000008000000 0x0000000000100000 xr
*default*        0x0000000000000000 0xffffffffffffffff

Linker script and memory map

LOAD /opt/st/stm32cubeide_1.9.0/plugins/com.st.stm32cube.ide.mcu.externaltools.gnu-tools-for-stm32.10.3-2021.10.linux64_1.0.0.202111181127/tools/bin/../lib/gcc/arm-none-eabi/10.3.1/thumb/v7e-m+fp/hard/crti.o
LOAD /opt/st/stm32cubeide_1.9.0/plugins/com.st.stm32cube.ide.mcu.externaltools.gnu-tools-for-stm32.10.3-2021.10.linux64_1.0.0.202111181127/tools/bin/../lib/gcc/arm-none-eabi/10.3.1/thumb/v7e-m+fp/hard/crtbegin.o
LOAD /opt/st/stm32cubeide_1.9.0/plugins/com.st.stm32cube.ide.mcu.externaltools.gnu-tools-for-stm32.10.3-2021.10.linux64_1.0.0.202111181127/tools/bin/../lib/gcc/arm-none-eabi/10.3.1/../../../../arm-none-eabi/lib/thumb/v7e-m+fp/hard/crt0.o
LOAD ./Core/Src/ads131m08.o
LOAD ./Core/Src/dma.o
LOAD ./Core/Src/gpio.o
LOAD ./Core/Src/main.o
LOAD ./Core/Src/spi.o
LOAD ./Core/Src/stm32l4xx_it.o
LOAD ./Core/Src/syscalls.o
LOAD ./Core/Src/sysmem.o
LOAD ./Core/Src/system_stm32l4xx.o
LOAD ./Core/Src/tim.o
LOAD ./Core/Startup/startup_stm32l471vgtx.o
LOAD ./Drivers/STM32L4xx_HAL_Driver/Src/stm32l4xx_ll_dma.o
LOAD ./Drivers/STM32L4xx_HAL_Driver/Src/stm32l4xx_ll_exti.o
LOAD ./Drivers/STM32L4xx_HAL_Driver/Src/stm32l4xx_ll_gpio.o
LOAD ./Drivers/STM32L4xx_HAL_Driver/Src/stm32l4xx_ll_pwr.o
LOAD ./Drivers/STM32L4xx_HAL_Driver/Src/stm32l4xx_ll_spi.o
LOAD ./Drivers/STM32L4xx_HAL_Driver/Src/stm32l4xx_ll_tim.o
LOAD ./Drivers/STM32L4xx_HAL_Driver/Src/stm32l4xx_ll_utils.o
START GROUP
LOAD /opt/st/stm32cubeide_1.9.0/plugins/com.st.stm32cube.ide.mcu.externaltools.gnu-tools-for-stm32.10.3-2021.10.linux64_1.0.0.202111181127/tools/bin/../lib/gcc/arm-none-eabi/10.3.1/../../../../arm-none-eabi/lib/thumb/v7e-m+fp/hard/libc_nano.a
LOAD /opt/st/stm32cubeide_1.9.0/plugins/com.st.stm32cube.ide.mcu.externaltools.gnu-tools-for-stm32.10.3-2021.10.linux64_1.0.0.202111181127/tools/bin/../lib/gcc/arm-none-eabi/10.3.1/../../../../arm-none-eabi/lib/thumb/v7e-m+fp/hard/libm.a
END GROUP
START GROUP
LOAD /opt/st/stm32cubeide_1.9.0/plugins/com.st.stm32cube.ide.mcu.externaltools.gnu-tools-for-stm32.10.3-2021.10.linux64_1.0.0.202111181127/tools/bin/../lib/gcc/arm-none-eabi/10.3.1/thumb/v7e-m+fp/hard/libgcc.a
LOAD /opt/st/stm32cubeide_1.9.0/plugins/com.st.stm32cube.ide.mcu.externaltools.gnu-tools-for-stm32.10.3-2021.10.linux64_1.0.0.202111181127/tools/bin/../lib/gcc/arm-none-eabi/10.3.1/../../../../arm-none-eabi/lib/thumb/v7e-m+fp/hard/libc_nano.a
END GROUP
START GROUP
LOAD /opt/st/stm32cubeide_1.9.0/plugins/com.st.stm32cube.ide.mcu.externaltools.gnu-tools-for-stm32.10.3-2021.10.linux64_1.0.0.202111181127/tools/bin/../lib/gcc/arm-none-eabi/10.3.1/thumb/v7e-m+fp/hard/libgcc.a
LOAD /opt/st/stm32cubeide_1.9.0/plugins/com.st.stm32cube.ide.mcu.externaltools.gnu-tools-for-stm32.10.3-2021.10.linux64_1.0.0.202111181127/tools/bin/../lib/gcc/arm-none-eabi/10.3.1/../../../../arm-none-eabi/lib/thumb/v7e-m+fp/hard/libc_nano.a
LOAD /opt/st/stm32cubeide_1.9.0/plugins/com.st.stm32cube.ide.mcu.externaltools.gnu-tools-for-stm32.10.3-2021.10.linux64_1.0.0.202111181127/tools/bin/../lib/gcc/arm-none-eabi/10.3.1/../../../../arm-none-eabi/lib/thumb/v7e-m+fp/hard/libnosys.a
END GROUP
START GROUP
LOAD /opt/st/stm32cubeide_1.9.0/plugins/com.st.stm32cube.ide.mcu.externaltools.gnu-tools-for-stm32.10.3-2021.10.linux64_1.0.0.202111181127/tools/bin/../lib/gcc/arm-none-eabi/10.3.1/thumb/v7e-m+fp/hard/libgcc.a
LOAD /opt/st/stm32cubeide_1.9.0/plugins/com.st.stm32cube.ide.mcu.externaltools.gnu-tools-for-stm32.10.3-2021.10.linux64_1.0.0.202111181127/tools/bin/../lib/gcc/arm-none-eabi/10.3.1/../../../../arm-none-eabi/lib/thumb/v7e-m+fp/hard/libc_nano.a
LOAD /opt/st/stm32cubeide_1.9.0/plugins/com.st.stm32cube.ide.mcu.externaltools.gnu-tools-for-stm32.10.3-2021.10.linux64_1.0.0.202111181127/tools/bin/../lib/gcc/arm-none-eabi/10.3.1/../../../../arm-none-eabi/lib/thumb/v7e-m+fp/hard/libnosys.a
END GROUP
LOAD /opt/st/stm32cubeide_1.9.0/plugins/com.st.stm32cube.ide.mcu.externaltools.gnu-tools-for-stm32.10.3-2021.10.linux64_1.0.0.202111181127/tools/bin/../lib/gcc/arm-none-eabi/10.3.1/thumb/v7e-m+fp/hard/crtend.o
LOAD /opt/st/stm32cubeide_1.9.0/plugins/com.st.stm32cube.ide.mcu.externaltools.gnu-tools-for-stm32.10.3-2021.10.linux64_1.0.0.202111181127/tools/bin/../lib/gcc/arm-none-eabi/10.3.1/thumb/v7e-m+fp/hard/crtn.o
                0x0000000020018000                _estack = (ORIGIN (RAM) + LENGTH (RAM))
                0x0000000000000200                _Min_Heap_Size = 0x200
                0x0000000000000400                _Min_Stack_Size = 0x400

.isr_vector     0x0000000008000000      0x188
                0x0000000008000000                . = ALIGN (0x4)
 *(.isr_vector)
 .isr_vector    0x0000000008000000      0x188 ./Core/Startup/startup_stm32l471vgtx.o
                0x0000000008000000                g_pfnVectors
                0x0000000008000188                . = ALIGN (0x4)

.text           0x0000000008000188     0x22ac
                0x0000000008000188                . = ALIGN (0x4)
 *(.text)
 .text          0x0000000008000188       0x40 /opt/st/stm32cubeide_1.9.0/plugins/com.st.stm32cube.ide.mcu.externaltools.gnu-tools-for-stm32.10.3-2021.10.linux64_1.0.0.202111181127/tools/bin/../lib/gcc/arm-none-eabi/10.3.1/thumb/v7e-m+fp/hard/crtbegin.o
 *(.text*)
 .text.__NVIC_DisableIRQ
                0x00000000080001c8       0x48 ./Core/Src/ads131m08.o
 .text.LL_DMA_EnableChannel
                0x0000000008000210       0x44 ./Core/Src/ads131m08.o
 .text.LL_SPI_Enable
                0x0000000008000254       0x20 ./Core/Src/ads131m08.o
 .text.LL_SPI_EnableIT_RXNE
                0x0000000008000274       0x20 ./Core/Src/ads131m08.o
 .text.LL_SPI_EnableIT_TXE
                0x0000000008000294       0x20 ./Core/Src/ads131m08.o
 .text.LL_SPI_EnableDMAReq_RX
                0x00000000080002b4       0x20 ./Core/Src/ads131m08.o
 .text.LL_SPI_EnableDMAReq_TX
                0x00000000080002d4       0x20 ./Core/Src/ads131m08.o
 .text.LL_GPIO_SetOutputPin
                0x00000000080002f4       0x1c ./Core/Src/ads131m08.o
 .text.LL_GPIO_ResetOutputPin
                0x0000000008000310       0x1c ./Core/Src/ads131m08.o
 .text.ADC_Init
                0x000000000800032c       0x48 ./Core/Src/ads131m08.o
                0x000000000800032c                ADC_Init
 .text.ADC_first_read
                0x0000000008000374       0x70 ./Core/Src/ads131m08.o
                0x0000000008000374                ADC_first_read
 .text.ADC_DRDY_interrupt_handler
                0x00000000080003e4       0x98 ./Core/Src/ads131m08.o
                0x00000000080003e4                ADC_DRDY_interrupt_handler
 .text.__NVIC_GetPriorityGrouping
                0x000000000800047c       0x1c ./Core/Src/dma.o
 .text.__NVIC_EnableIRQ
                0x0000000008000498       0x3c ./Core/Src/dma.o
 .text.__NVIC_SetPriority
                0x00000000080004d4       0x54 ./Core/Src/dma.o
 .text.NVIC_EncodePriority
                0x0000000008000528       0x66 ./Core/Src/dma.o
 *fill*         0x000000000800058e        0x2 
 .text.LL_DMA_DisableChannel
                0x0000000008000590       0x44 ./Core/Src/dma.o
 .text.LL_DMA_SetMemoryAddress
                0x00000000080005d4       0x34 ./Core/Src/dma.o
 .text.LL_DMA_ClearFlag_TC1
                0x0000000008000608       0x1a ./Core/Src/dma.o
 .text.LL_DMA_ClearFlag_TC2
                0x0000000008000622       0x1a ./Core/Src/dma.o
 .text.LL_AHB1_GRP1_EnableClock
                0x000000000800063c       0x30 ./Core/Src/dma.o
 .text.LL_SPI_DisableDMAReq_RX
                0x000000000800066c       0x20 ./Core/Src/dma.o
 .text.LL_SPI_DisableDMAReq_TX
                0x000000000800068c       0x20 ./Core/Src/dma.o
 .text.LL_GPIO_SetOutputPin
                0x00000000080006ac       0x1c ./Core/Src/dma.o
 .text.MX_DMA_Init
                0x00000000080006c8       0x4e ./Core/Src/dma.o
                0x00000000080006c8                MX_DMA_Init
 .text.DMA_Reload_Memory_Address
                0x0000000008000716       0x20 ./Core/Src/dma.o
                0x0000000008000716                DMA_Reload_Memory_Address
 *fill*         0x0000000008000736        0x2 
 .text.DMA_Transfer_Complete_RX_interrupt_handler
                0x0000000008000738       0x40 ./Core/Src/dma.o
                0x0000000008000738                DMA_Transfer_Complete_RX_interrupt_handler
 .text.DMA_Transfer_Complete_TX_interrupt_handler
                0x0000000008000778       0x40 ./Core/Src/dma.o
                0x0000000008000778                DMA_Transfer_Complete_TX_interrupt_handler
 .text.DMA_Disable
                0x00000000080007b8       0x32 ./Core/Src/dma.o
                0x00000000080007b8                DMA_Disable
 *fill*         0x00000000080007ea        0x2 
 .text.__NVIC_GetPriorityGrouping
                0x00000000080007ec       0x1c ./Core/Src/gpio.o
 .text.__NVIC_EnableIRQ
                0x0000000008000808       0x3c ./Core/Src/gpio.o
 .text.__NVIC_SetPriority
                0x0000000008000844       0x54 ./Core/Src/gpio.o
 .text.NVIC_EncodePriority
                0x0000000008000898       0x66 ./Core/Src/gpio.o
 *fill*         0x00000000080008fe        0x2 
 .text.LL_AHB2_GRP1_EnableClock
                0x0000000008000900       0x30 ./Core/Src/gpio.o
 .text.LL_SYSCFG_SetEXTISource
                0x0000000008000930       0x6c ./Core/Src/gpio.o
 .text.LL_GPIO_SetPinMode
                0x000000000800099c       0x7a ./Core/Src/gpio.o
 .text.LL_GPIO_SetPinPull
                0x0000000008000a16       0x7a ./Core/Src/gpio.o
 .text.LL_GPIO_SetOutputPin
                0x0000000008000a90       0x1c ./Core/Src/gpio.o
 .text.MX_GPIO_Init
                0x0000000008000aac       0xf4 ./Core/Src/gpio.o
                0x0000000008000aac                MX_GPIO_Init
 .text.__NVIC_SetPriorityGrouping
                0x0000000008000ba0       0x48 ./Core/Src/main.o
 .text.__NVIC_GetPriorityGrouping
                0x0000000008000be8       0x1c ./Core/Src/main.o
 .text.__NVIC_EnableIRQ
                0x0000000008000c04       0x3c ./Core/Src/main.o
 .text.__NVIC_DisableIRQ
                0x0000000008000c40       0x48 ./Core/Src/main.o
 .text.__NVIC_SetPriority
                0x0000000008000c88       0x54 ./Core/Src/main.o
 .text.NVIC_EncodePriority
                0x0000000008000cdc       0x66 ./Core/Src/main.o
 *fill*         0x0000000008000d42        0x2 
 .text.LL_RCC_HSI_Enable
                0x0000000008000d44       0x20 ./Core/Src/main.o
 .text.LL_RCC_HSI_IsReady
                0x0000000008000d64       0x28 ./Core/Src/main.o
 .text.LL_RCC_HSI_SetCalibTrimming
                0x0000000008000d8c       0x2c ./Core/Src/main.o
 .text.LL_RCC_SetSysClkSource
                0x0000000008000db8       0x28 ./Core/Src/main.o
 .text.LL_RCC_GetSysClkSource
                0x0000000008000de0       0x1c ./Core/Src/main.o
 .text.LL_RCC_SetAHBPrescaler
                0x0000000008000dfc       0x28 ./Core/Src/main.o
 .text.LL_RCC_SetAPB1Prescaler
                0x0000000008000e24       0x28 ./Core/Src/main.o
 .text.LL_RCC_SetAPB2Prescaler
                0x0000000008000e4c       0x28 ./Core/Src/main.o
 .text.LL_APB1_GRP1_EnableClock
                0x0000000008000e74       0x30 ./Core/Src/main.o
 .text.LL_APB2_GRP1_EnableClock
                0x0000000008000ea4       0x30 ./Core/Src/main.o
 .text.LL_FLASH_SetLatency
                0x0000000008000ed4       0x28 ./Core/Src/main.o
 .text.LL_FLASH_GetLatency
                0x0000000008000efc       0x1c ./Core/Src/main.o
 .text.LL_PWR_SetRegulVoltageScaling
                0x0000000008000f18       0x28 ./Core/Src/main.o
 .text.main     0x0000000008000f40       0x68 ./Core/Src/main.o
                0x0000000008000f40                main
 .text.SystemClock_Config
                0x0000000008000fa8       0x6c ./Core/Src/main.o
                0x0000000008000fa8                SystemClock_Config
 .text.LL_DMA_SetDataTransferDirection
                0x0000000008001014       0x50 ./Core/Src/spi.o
 .text.LL_DMA_SetMode
                0x0000000008001064       0x4c ./Core/Src/spi.o
 .text.LL_DMA_SetPeriphIncMode
                0x00000000080010b0       0x4c ./Core/Src/spi.o
 .text.LL_DMA_SetMemoryIncMode
                0x00000000080010fc       0x4c ./Core/Src/spi.o
 .text.LL_DMA_SetPeriphSize
                0x0000000008001148       0x4c ./Core/Src/spi.o
 .text.LL_DMA_SetMemorySize
                0x0000000008001194       0x4c ./Core/Src/spi.o
 .text.LL_DMA_SetChannelPriorityLevel
                0x00000000080011e0       0x4c ./Core/Src/spi.o
 .text.LL_DMA_SetPeriphRequest
                0x000000000800122c       0x64 ./Core/Src/spi.o
 .text.LL_AHB2_GRP1_EnableClock
                0x0000000008001290       0x30 ./Core/Src/spi.o
 .text.LL_APB1_GRP1_EnableClock
                0x00000000080012c0       0x30 ./Core/Src/spi.o
 .text.LL_SPI_Enable
                0x00000000080012f0       0x20 ./Core/Src/spi.o
 .text.LL_SPI_Disable
                0x0000000008001310       0x20 ./Core/Src/spi.o
 .text.LL_SPI_SetStandard
                0x0000000008001330       0x26 ./Core/Src/spi.o
 .text.LL_SPI_DisableNSSPulseMgt
                0x0000000008001356       0x20 ./Core/Src/spi.o
 .text.LL_SPI_IsActiveFlag_RXNE
                0x0000000008001376       0x26 ./Core/Src/spi.o
 .text.LL_SPI_IsActiveFlag_TXE
                0x000000000800139c       0x26 ./Core/Src/spi.o
 .text.LL_SPI_IsActiveFlag_BSY
                0x00000000080013c2       0x26 ./Core/Src/spi.o
 .text.LL_SPI_GetTxFIFOLevel
                0x00000000080013e8       0x1c ./Core/Src/spi.o
 .text.LL_SPI_ReceiveData8
                0x0000000008001404       0x1c ./Core/Src/spi.o
 .text.LL_SPI_TransmitData8
                0x0000000008001420       0x24 ./Core/Src/spi.o
 .text.MX_SPI3_Init
                0x0000000008001444      0x154 ./Core/Src/spi.o
                0x0000000008001444                MX_SPI3_Init
 .text.SPI_TransmitReceive
                0x0000000008001598       0x9e ./Core/Src/spi.o
                0x0000000008001598                SPI_TransmitReceive
 .text.SPI_Disable
                0x0000000008001636       0x32 ./Core/Src/spi.o
                0x0000000008001636                SPI_Disable
 .text.LL_EXTI_IsActiveFlag_0_31
                0x0000000008001668       0x2c ./Core/Src/stm32l4xx_it.o
 .text.LL_EXTI_ClearFlag_0_31
                0x0000000008001694       0x20 ./Core/Src/stm32l4xx_it.o
 .text.NMI_Handler
                0x00000000080016b4        0x6 ./Core/Src/stm32l4xx_it.o
                0x00000000080016b4                NMI_Handler
 .text.HardFault_Handler
                0x00000000080016ba        0x6 ./Core/Src/stm32l4xx_it.o
                0x00000000080016ba                HardFault_Handler
 .text.MemManage_Handler
                0x00000000080016c0        0x6 ./Core/Src/stm32l4xx_it.o
                0x00000000080016c0                MemManage_Handler
 .text.BusFault_Handler
                0x00000000080016c6        0x6 ./Core/Src/stm32l4xx_it.o
                0x00000000080016c6                BusFault_Handler
 .text.UsageFault_Handler
                0x00000000080016cc        0x6 ./Core/Src/stm32l4xx_it.o
                0x00000000080016cc                UsageFault_Handler
 .text.SVC_Handler
                0x00000000080016d2        0xe ./Core/Src/stm32l4xx_it.o
                0x00000000080016d2                SVC_Handler
 .text.DebugMon_Handler
                0x00000000080016e0        0xe ./Core/Src/stm32l4xx_it.o
                0x00000000080016e0                DebugMon_Handler
 .text.PendSV_Handler
                0x00000000080016ee        0xe ./Core/Src/stm32l4xx_it.o
                0x00000000080016ee                PendSV_Handler
 .text.SysTick_Handler
                0x00000000080016fc        0xe ./Core/Src/stm32l4xx_it.o
                0x00000000080016fc                SysTick_Handler
 .text.EXTI4_IRQHandler
                0x000000000800170a       0x1e ./Core/Src/stm32l4xx_it.o
                0x000000000800170a                EXTI4_IRQHandler
 .text.DMA2_Channel1_IRQHandler
                0x0000000008001728        0xc ./Core/Src/stm32l4xx_it.o
                0x0000000008001728                DMA2_Channel1_IRQHandler
 .text.DMA2_Channel2_IRQHandler
                0x0000000008001734        0xc ./Core/Src/stm32l4xx_it.o
                0x0000000008001734                DMA2_Channel2_IRQHandler
 .text.SystemInit
                0x0000000008001740       0x24 ./Core/Src/system_stm32l4xx.o
                0x0000000008001740                SystemInit
 .text.LL_APB1_GRP1_EnableClock
                0x0000000008001764       0x30 ./Core/Src/tim.o
 .text.LL_TIM_DisableARRPreload
                0x0000000008001794       0x20 ./Core/Src/tim.o
 .text.LL_TIM_SetClockSource
                0x00000000080017b4       0x2a ./Core/Src/tim.o
 .text.LL_TIM_SetTriggerOutput
                0x00000000080017de       0x26 ./Core/Src/tim.o
 .text.LL_TIM_DisableMasterSlaveMode
                0x0000000008001804       0x20 ./Core/Src/tim.o
 .text.MX_TIM2_Init
                0x0000000008001824       0x62 ./Core/Src/tim.o
                0x0000000008001824                MX_TIM2_Init
 *fill*         0x0000000008001886        0x2 
 .text.Reset_Handler
                0x0000000008001888       0x50 ./Core/Startup/startup_stm32l471vgtx.o
                0x0000000008001888                Reset_Handler
 .text.Default_Handler
                0x00000000080018d8        0x2 ./Core/Startup/startup_stm32l471vgtx.o
                0x00000000080018d8                RTC_Alarm_IRQHandler
                0x00000000080018d8                EXTI2_IRQHandler
                0x00000000080018d8                TIM8_TRG_COM_IRQHandler
                0x00000000080018d8                TIM8_CC_IRQHandler
                0x00000000080018d8                TIM1_CC_IRQHandler
                0x00000000080018d8                TSC_IRQHandler
                0x00000000080018d8                TAMP_STAMP_IRQHandler
                0x00000000080018d8                EXTI3_IRQHandler
                0x00000000080018d8                LPTIM2_IRQHandler
                0x00000000080018d8                DFSDM1_FLT1_IRQHandler
                0x00000000080018d8                I2C3_ER_IRQHandler
                0x00000000080018d8                DFSDM1_FLT2_IRQHandler
                0x00000000080018d8                EXTI0_IRQHandler
                0x00000000080018d8                I2C2_EV_IRQHandler
                0x00000000080018d8                CAN1_RX0_IRQHandler
                0x00000000080018d8                FPU_IRQHandler
                0x00000000080018d8                TIM1_UP_TIM16_IRQHandler
                0x00000000080018d8                ADC1_2_IRQHandler
                0x00000000080018d8                SPI1_IRQHandler
                0x00000000080018d8                TIM6_DAC_IRQHandler
                0x00000000080018d8                TIM8_UP_IRQHandler
                0x00000000080018d8                DMA1_Channel4_IRQHandler
                0x00000000080018d8                SAI2_IRQHandler
                0x00000000080018d8                DFSDM1_FLT3_IRQHandler
                0x00000000080018d8                USART3_IRQHandler
                0x00000000080018d8                DMA1_Channel7_IRQHandler
                0x00000000080018d8                CAN1_RX1_IRQHandler
                0x00000000080018d8                UART5_IRQHandler
                0x00000000080018d8                ADC3_IRQHandler
                0x00000000080018d8                TIM4_IRQHandler
                0x00000000080018d8                QUADSPI_IRQHandler
                0x00000000080018d8                I2C1_EV_IRQHandler
                0x00000000080018d8                DMA1_Channel6_IRQHandler
                0x00000000080018d8                UART4_IRQHandler
                0x00000000080018d8                DMA2_Channel4_IRQHandler
                0x00000000080018d8                TIM3_IRQHandler
                0x00000000080018d8                RCC_IRQHandler
                0x00000000080018d8                DMA1_Channel1_IRQHandler
                0x00000000080018d8                Default_Handler
                0x00000000080018d8                DMA2_Channel7_IRQHandler
                0x00000000080018d8                EXTI15_10_IRQHandler
                0x00000000080018d8                TIM7_IRQHandler
                0x00000000080018d8                SDMMC1_IRQHandler
                0x00000000080018d8                TIM5_IRQHandler
                0x00000000080018d8                I2C3_EV_IRQHandler
                0x00000000080018d8                EXTI9_5_IRQHandler
                0x00000000080018d8                RTC_WKUP_IRQHandler
                0x00000000080018d8                PVD_PVM_IRQHandler
                0x00000000080018d8                SPI2_IRQHandler
                0x00000000080018d8                CAN1_TX_IRQHandler
                0x00000000080018d8                DMA2_Channel5_IRQHandler
                0x00000000080018d8                DMA1_Channel5_IRQHandler
                0x00000000080018d8                RNG_IRQHandler
                0x00000000080018d8                TIM1_TRG_COM_TIM17_IRQHandler
                0x00000000080018d8                DMA1_Channel3_IRQHandler
                0x00000000080018d8                COMP_IRQHandler
                0x00000000080018d8                WWDG_IRQHandler
                0x00000000080018d8                LPUART1_IRQHandler
                0x00000000080018d8                DMA2_Channel6_IRQHandler
                0x00000000080018d8                TIM2_IRQHandler
                0x00000000080018d8                EXTI1_IRQHandler
                0x00000000080018d8                USART2_IRQHandler
                0x00000000080018d8                DFSDM1_FLT0_IRQHandler
                0x00000000080018d8                I2C2_ER_IRQHandler
                0x00000000080018d8                DMA1_Channel2_IRQHandler
                0x00000000080018d8                TIM8_BRK_IRQHandler
                0x00000000080018d8                CAN1_SCE_IRQHandler
                0x00000000080018d8                FLASH_IRQHandler
                0x00000000080018d8                USART1_IRQHandler
                0x00000000080018d8                SPI3_IRQHandler
                0x00000000080018d8                I2C1_ER_IRQHandler
                0x00000000080018d8                FMC_IRQHandler
                0x00000000080018d8                SWPMI1_IRQHandler
                0x00000000080018d8                LPTIM1_IRQHandler
                0x00000000080018d8                SAI1_IRQHandler
                0x00000000080018d8                DMA2_Channel3_IRQHandler
                0x00000000080018d8                TIM1_BRK_TIM15_IRQHandler
 *fill*         0x00000000080018da        0x2 
 .text.LL_EXTI_EnableIT_0_31
                0x00000000080018dc       0x24 ./Drivers/STM32L4xx_HAL_Driver/Src/stm32l4xx_ll_exti.o
 .text.LL_EXTI_EnableIT_32_63
                0x0000000008001900       0x24 ./Drivers/STM32L4xx_HAL_Driver/Src/stm32l4xx_ll_exti.o
 .text.LL_EXTI_DisableIT_0_31
                0x0000000008001924       0x28 ./Drivers/STM32L4xx_HAL_Driver/Src/stm32l4xx_ll_exti.o
 .text.LL_EXTI_DisableIT_32_63
                0x000000000800194c       0x28 ./Drivers/STM32L4xx_HAL_Driver/Src/stm32l4xx_ll_exti.o
 .text.LL_EXTI_EnableEvent_0_31
                0x0000000008001974       0x24 ./Drivers/STM32L4xx_HAL_Driver/Src/stm32l4xx_ll_exti.o
 .text.LL_EXTI_EnableEvent_32_63
                0x0000000008001998       0x24 ./Drivers/STM32L4xx_HAL_Driver/Src/stm32l4xx_ll_exti.o
 .text.LL_EXTI_DisableEvent_0_31
                0x00000000080019bc       0x28 ./Drivers/STM32L4xx_HAL_Driver/Src/stm32l4xx_ll_exti.o
 .text.LL_EXTI_DisableEvent_32_63
                0x00000000080019e4       0x28 ./Drivers/STM32L4xx_HAL_Driver/Src/stm32l4xx_ll_exti.o
 .text.LL_EXTI_EnableRisingTrig_0_31
                0x0000000008001a0c       0x24 ./Drivers/STM32L4xx_HAL_Driver/Src/stm32l4xx_ll_exti.o
 .text.LL_EXTI_EnableRisingTrig_32_63
                0x0000000008001a30       0x24 ./Drivers/STM32L4xx_HAL_Driver/Src/stm32l4xx_ll_exti.o
 .text.LL_EXTI_DisableRisingTrig_0_31
                0x0000000008001a54       0x28 ./Drivers/STM32L4xx_HAL_Driver/Src/stm32l4xx_ll_exti.o
 .text.LL_EXTI_DisableRisingTrig_32_63
                0x0000000008001a7c       0x28 ./Drivers/STM32L4xx_HAL_Driver/Src/stm32l4xx_ll_exti.o
 .text.LL_EXTI_EnableFallingTrig_0_31
                0x0000000008001aa4       0x24 ./Drivers/STM32L4xx_HAL_Driver/Src/stm32l4xx_ll_exti.o
 .text.LL_EXTI_EnableFallingTrig_32_63
                0x0000000008001ac8       0x24 ./Drivers/STM32L4xx_HAL_Driver/Src/stm32l4xx_ll_exti.o
 .text.LL_EXTI_DisableFallingTrig_0_31
                0x0000000008001aec       0x28 ./Drivers/STM32L4xx_HAL_Driver/Src/stm32l4xx_ll_exti.o
 .text.LL_EXTI_DisableFallingTrig_32_63
                0x0000000008001b14       0x28 ./Drivers/STM32L4xx_HAL_Driver/Src/stm32l4xx_ll_exti.o
 .text.LL_EXTI_Init
                0x0000000008001b3c      0x1ee ./Drivers/STM32L4xx_HAL_Driver/Src/stm32l4xx_ll_exti.o
                0x0000000008001b3c                LL_EXTI_Init
 .text.LL_GPIO_SetPinMode
                0x0000000008001d2a       0x7a ./Drivers/STM32L4xx_HAL_Driver/Src/stm32l4xx_ll_gpio.o
 .text.LL_GPIO_SetPinOutputType
                0x0000000008001da4       0x30 ./Drivers/STM32L4xx_HAL_Driver/Src/stm32l4xx_ll_gpio.o
 .text.LL_GPIO_SetPinSpeed
                0x0000000008001dd4       0x7a ./Drivers/STM32L4xx_HAL_Driver/Src/stm32l4xx_ll_gpio.o
 .text.LL_GPIO_SetPinPull
                0x0000000008001e4e       0x7a ./Drivers/STM32L4xx_HAL_Driver/Src/stm32l4xx_ll_gpio.o
 .text.LL_GPIO_SetAFPin_0_7
                0x0000000008001ec8       0x7a ./Drivers/STM32L4xx_HAL_Driver/Src/stm32l4xx_ll_gpio.o
 .text.LL_GPIO_SetAFPin_8_15
                0x0000000008001f42       0x7e ./Drivers/STM32L4xx_HAL_Driver/Src/stm32l4xx_ll_gpio.o
 .text.LL_GPIO_Init
                0x0000000008001fc0       0xdc ./Drivers/STM32L4xx_HAL_Driver/Src/stm32l4xx_ll_gpio.o
                0x0000000008001fc0                LL_GPIO_Init
 .text.LL_SPI_IsEnabled
                0x000000000800209c       0x26 ./Drivers/STM32L4xx_HAL_Driver/Src/stm32l4xx_ll_spi.o
 .text.LL_SPI_SetRxFIFOThreshold
                0x00000000080020c2       0x26 ./Drivers/STM32L4xx_HAL_Driver/Src/stm32l4xx_ll_spi.o
 .text.LL_SPI_SetCRCPolynomial
                0x00000000080020e8       0x20 ./Drivers/STM32L4xx_HAL_Driver/Src/stm32l4xx_ll_spi.o
 .text.LL_SPI_Init
                0x0000000008002108       0xb0 ./Drivers/STM32L4xx_HAL_Driver/Src/stm32l4xx_ll_spi.o
                0x0000000008002108                LL_SPI_Init
 .text.LL_TIM_SetPrescaler
                0x00000000080021b8       0x1c ./Drivers/STM32L4xx_HAL_Driver/Src/stm32l4xx_ll_tim.o
 .text.LL_TIM_SetAutoReload
                0x00000000080021d4       0x1c ./Drivers/STM32L4xx_HAL_Driver/Src/stm32l4xx_ll_tim.o
 .text.LL_TIM_SetRepetitionCounter
                0x00000000080021f0       0x1c ./Drivers/STM32L4xx_HAL_Driver/Src/stm32l4xx_ll_tim.o
 .text.LL_TIM_GenerateEvent_UPDATE
                0x000000000800220c       0x20 ./Drivers/STM32L4xx_HAL_Driver/Src/stm32l4xx_ll_tim.o
 .text.LL_TIM_Init
                0x000000000800222c      0x128 ./Drivers/STM32L4xx_HAL_Driver/Src/stm32l4xx_ll_tim.o
                0x000000000800222c                LL_TIM_Init
 .text.LL_InitTick
                0x0000000008002354       0x34 ./Drivers/STM32L4xx_HAL_Driver/Src/stm32l4xx_ll_utils.o
 .text.LL_Init1msTick
                0x0000000008002388       0x1a ./Drivers/STM32L4xx_HAL_Driver/Src/stm32l4xx_ll_utils.o
                0x0000000008002388                LL_Init1msTick
 *fill*         0x00000000080023a2        0x2 
 .text.LL_SetSystemCoreClock
                0x00000000080023a4       0x20 ./Drivers/STM32L4xx_HAL_Driver/Src/stm32l4xx_ll_utils.o
                0x00000000080023a4                LL_SetSystemCoreClock
 .text.__libc_init_array
                0x00000000080023c4       0x48 /opt/st/stm32cubeide_1.9.0/plugins/com.st.stm32cube.ide.mcu.externaltools.gnu-tools-for-stm32.10.3-2021.10.linux64_1.0.0.202111181127/tools/bin/../lib/gcc/arm-none-eabi/10.3.1/../../../../arm-none-eabi/lib/thumb/v7e-m+fp/hard/libc_nano.a(lib_a-init.o)
                0x00000000080023c4                __libc_init_array
 .text.memset   0x000000000800240c       0x10 /opt/st/stm32cubeide_1.9.0/plugins/com.st.stm32cube.ide.mcu.externaltools.gnu-tools-for-stm32.10.3-2021.10.linux64_1.0.0.202111181127/tools/bin/../lib/gcc/arm-none-eabi/10.3.1/../../../../arm-none-eabi/lib/thumb/v7e-m+fp/hard/libc_nano.a(lib_a-memset.o)
                0x000000000800240c                memset
 *(.glue_7)
 .glue_7        0x000000000800241c        0x0 linker stubs
 *(.glue_7t)
 .glue_7t       0x000000000800241c        0x0 linker stubs
 *(.eh_frame)
 .eh_frame      0x000000000800241c        0x0 /opt/st/stm32cubeide_1.9.0/plugins/com.st.stm32cube.ide.mcu.externaltools.gnu-tools-for-stm32.10.3-2021.10.linux64_1.0.0.202111181127/tools/bin/../lib/gcc/arm-none-eabi/10.3.1/thumb/v7e-m+fp/hard/crtbegin.o
 *(.init)
 .init          0x000000000800241c        0x4 /opt/st/stm32cubeide_1.9.0/plugins/com.st.stm32cube.ide.mcu.externaltools.gnu-tools-for-stm32.10.3-2021.10.linux64_1.0.0.202111181127/tools/bin/../lib/gcc/arm-none-eabi/10.3.1/thumb/v7e-m+fp/hard/crti.o
                0x000000000800241c                _init
 .init          0x0000000008002420        0x8 /opt/st/stm32cubeide_1.9.0/plugins/com.st.stm32cube.ide.mcu.externaltools.gnu-tools-for-stm32.10.3-2021.10.linux64_1.0.0.202111181127/tools/bin/../lib/gcc/arm-none-eabi/10.3.1/thumb/v7e-m+fp/hard/crtn.o
 *(.fini)
 .fini          0x0000000008002428        0x4 /opt/st/stm32cubeide_1.9.0/plugins/com.st.stm32cube.ide.mcu.externaltools.gnu-tools-for-stm32.10.3-2021.10.linux64_1.0.0.202111181127/tools/bin/../lib/gcc/arm-none-eabi/10.3.1/thumb/v7e-m+fp/hard/crti.o
                0x0000000008002428                _fini
 .fini          0x000000000800242c        0x8 /opt/st/stm32cubeide_1.9.0/plugins/com.st.stm32cube.ide.mcu.externaltools.gnu-tools-for-stm32.10.3-2021.10.linux64_1.0.0.202111181127/tools/bin/../lib/gcc/arm-none-eabi/10.3.1/thumb/v7e-m+fp/hard/crtn.o
                0x0000000008002434                . = ALIGN (0x4)
                0x0000000008002434                _etext = .

.vfp11_veneer   0x0000000008002434        0x0
 .vfp11_veneer  0x0000000008002434        0x0 linker stubs

.v4_bx          0x0000000008002434        0x0
 .v4_bx         0x0000000008002434        0x0 linker stubs

.iplt           0x0000000008002434        0x0
 .iplt          0x0000000008002434        0x0 /opt/st/stm32cubeide_1.9.0/plugins/com.st.stm32cube.ide.mcu.externaltools.gnu-tools-for-stm32.10.3-2021.10.linux64_1.0.0.202111181127/tools/bin/../lib/gcc/arm-none-eabi/10.3.1/thumb/v7e-m+fp/hard/crtbegin.o

.rodata         0x0000000008002434       0x18
                0x0000000008002434                . = ALIGN (0x4)
 *(.rodata)
 *(.rodata*)
 .rodata.CHANNEL_OFFSET_TAB
                0x0000000008002434        0x7 ./Core/Src/ads131m08.o
 *fill*         0x000000000800243b        0x1 
 .rodata.CHANNEL_OFFSET_TAB
                0x000000000800243c        0x7 ./Core/Src/dma.o
 *fill*         0x0000000008002443        0x1 
 .rodata.CHANNEL_OFFSET_TAB
                0x0000000008002444        0x7 ./Core/Src/spi.o
                0x000000000800244c                . = ALIGN (0x4)
 *fill*         0x000000000800244b        0x1 

.rel.dyn        0x000000000800244c        0x0
 .rel.iplt      0x000000000800244c        0x0 /opt/st/stm32cubeide_1.9.0/plugins/com.st.stm32cube.ide.mcu.externaltools.gnu-tools-for-stm32.10.3-2021.10.linux64_1.0.0.202111181127/tools/bin/../lib/gcc/arm-none-eabi/10.3.1/thumb/v7e-m+fp/hard/crtbegin.o

.ARM.extab      0x000000000800244c        0x0
                0x000000000800244c                . = ALIGN (0x4)
 *(.ARM.extab* .gnu.linkonce.armextab.*)
                0x000000000800244c                . = ALIGN (0x4)

.ARM            0x000000000800244c        0x0
                0x000000000800244c                . = ALIGN (0x4)
                0x000000000800244c                __exidx_start = .
 *(.ARM.exidx*)
                0x000000000800244c                __exidx_end = .
                0x000000000800244c                . = ALIGN (0x4)

.preinit_array  0x000000000800244c        0x0
                0x000000000800244c                . = ALIGN (0x4)
                0x000000000800244c                PROVIDE (__preinit_array_start = .)
 *(.preinit_array*)
                0x000000000800244c                PROVIDE (__preinit_array_end = .)
                0x000000000800244c                . = ALIGN (0x4)

.init_array     0x000000000800244c        0x4
                0x000000000800244c                . = ALIGN (0x4)
                0x000000000800244c                PROVIDE (__init_array_start = .)
 *(SORT_BY_NAME(.init_array.*))
 *(.init_array*)
 .init_array    0x000000000800244c        0x4 /opt/st/stm32cubeide_1.9.0/plugins/com.st.stm32cube.ide.mcu.externaltools.gnu-tools-for-stm32.10.3-2021.10.linux64_1.0.0.202111181127/tools/bin/../lib/gcc/arm-none-eabi/10.3.1/thumb/v7e-m+fp/hard/crtbegin.o
                0x0000000008002450                PROVIDE (__init_array_end = .)
                0x0000000008002450                . = ALIGN (0x4)

.fini_array     0x0000000008002450        0x4
                0x0000000008002450                . = ALIGN (0x4)
                [!provide]                        PROVIDE (__fini_array_start = .)
 *(SORT_BY_NAME(.fini_array.*))
 *(.fini_array*)
 .fini_array    0x0000000008002450        0x4 /opt/st/stm32cubeide_1.9.0/plugins/com.st.stm32cube.ide.mcu.externaltools.gnu-tools-for-stm32.10.3-2021.10.linux64_1.0.0.202111181127/tools/bin/../lib/gcc/arm-none-eabi/10.3.1/thumb/v7e-m+fp/hard/crtbegin.o
                [!provide]                        PROVIDE (__fini_array_end = .)
                0x0000000008002454                . = ALIGN (0x4)
                0x0000000008002454                _sidata = LOADADDR (.data)

.data           0x0000000020000000        0x4 load address 0x0000000008002454
                0x0000000020000000                . = ALIGN (0x4)
                0x0000000020000000                _sdata = .
 *(.data)
 *(.data*)
 .data.SystemCoreClock
                0x0000000020000000        0x4 ./Core/Src/system_stm32l4xx.o
                0x0000000020000000                SystemCoreClock
 *(.RamFunc)
 *(.RamFunc*)
                0x0000000020000004                . = ALIGN (0x4)
                0x0000000020000004                _edata = .

.igot.plt       0x0000000020000004        0x0 load address 0x0000000008002458
 .igot.plt      0x0000000020000004        0x0 /opt/st/stm32cubeide_1.9.0/plugins/com.st.stm32cube.ide.mcu.externaltools.gnu-tools-for-stm32.10.3-2021.10.linux64_1.0.0.202111181127/tools/bin/../lib/gcc/arm-none-eabi/10.3.1/thumb/v7e-m+fp/hard/crtbegin.o
                0x0000000020000004                . = ALIGN (0x4)

.bss            0x0000000020000004     0x3c4c load address 0x0000000008002458
                0x0000000020000004                _sbss = .
                0x0000000020000004                __bss_start__ = _sbss
 *(.bss)
 .bss           0x0000000020000004       0x1c /opt/st/stm32cubeide_1.9.0/plugins/com.st.stm32cube.ide.mcu.externaltools.gnu-tools-for-stm32.10.3-2021.10.linux64_1.0.0.202111181127/tools/bin/../lib/gcc/arm-none-eabi/10.3.1/thumb/v7e-m+fp/hard/crtbegin.o
 *(.bss*)
 .bss.current_sample_count
                0x0000000020000020        0x2 ./Core/Src/ads131m08.o
                0x0000000020000020                current_sample_count
 .bss.drdy_it_initialized
                0x0000000020000022        0x1 ./Core/Src/ads131m08.o
                0x0000000020000022                drdy_it_initialized
 *fill*         0x0000000020000023        0x1 
 .bss.samples   0x0000000020000024        0x4 ./Core/Src/ads131m08.o
                0x0000000020000024                samples
 .bss.dummy_bytes
                0x0000000020000028       0x1e ./Core/Src/ads131m08.o
                0x0000000020000028                dummy_bytes
 *fill*         0x0000000020000046        0x2 
 .bss.ads131m08
                0x0000000020000048        0x4 ./Core/Src/ads131m08.o
                0x0000000020000048                ads131m08
 .bss.samples_array.0
                0x000000002000004c     0x3c00 ./Core/Src/ads131m08.o
 .bss.tc        0x0000000020003c4c        0x1 ./Core/Src/dma.o
                0x0000000020003c4c                tc
 *(COMMON)
                0x0000000020003c50                . = ALIGN (0x4)
 *fill*         0x0000000020003c4d        0x3 
                0x0000000020003c50                _ebss = .
                0x0000000020003c50                __bss_end__ = _ebss

._user_heap_stack
                0x0000000020003c50      0x600 load address 0x0000000008002458
                0x0000000020003c50                . = ALIGN (0x8)
                [!provide]                        PROVIDE (end = .)
                0x0000000020003c50                PROVIDE (_end = .)
                0x0000000020003e50                . = (. + _Min_Heap_Size)
 *fill*         0x0000000020003c50      0x200 
                0x0000000020004250                . = (. + _Min_Stack_Size)
 *fill*         0x0000000020003e50      0x400 
                0x0000000020004250                . = ALIGN (0x8)

/DISCARD/
 libc.a(*)
 libm.a(*)
 libgcc.a(*)

.ARM.attributes
                0x0000000000000000       0x30
 *(.ARM.attributes)
 .ARM.attributes
                0x0000000000000000       0x1e /opt/st/stm32cubeide_1.9.0/plugins/com.st.stm32cube.ide.mcu.externaltools.gnu-tools-for-stm32.10.3-2021.10.linux64_1.0.0.202111181127/tools/bin/../lib/gcc/arm-none-eabi/10.3.1/thumb/v7e-m+fp/hard/crti.o
 .ARM.attributes
                0x000000000000001e       0x34 /opt/st/stm32cubeide_1.9.0/plugins/com.st.stm32cube.ide.mcu.externaltools.gnu-tools-for-stm32.10.3-2021.10.linux64_1.0.0.202111181127/tools/bin/../lib/gcc/arm-none-eabi/10.3.1/thumb/v7e-m+fp/hard/crtbegin.o
 .ARM.attributes
                0x0000000000000052       0x34 ./Core/Src/ads131m08.o
 .ARM.attributes
                0x0000000000000086       0x34 ./Core/Src/dma.o
 .ARM.attributes
                0x00000000000000ba       0x34 ./Core/Src/gpio.o
 .ARM.attributes
                0x00000000000000ee       0x34 ./Core/Src/main.o
 .ARM.attributes
                0x0000000000000122       0x34 ./Core/Src/spi.o
 .ARM.attributes
                0x0000000000000156       0x34 ./Core/Src/stm32l4xx_it.o
 .ARM.attributes
                0x000000000000018a       0x34 ./Core/Src/system_stm32l4xx.o
 .ARM.attributes
                0x00000000000001be       0x34 ./Core/Src/tim.o
 .ARM.attributes
                0x00000000000001f2       0x21 ./Core/Startup/startup_stm32l471vgtx.o
 .ARM.attributes
                0x0000000000000213       0x34 ./Drivers/STM32L4xx_HAL_Driver/Src/stm32l4xx_ll_exti.o
 .ARM.attributes
                0x0000000000000247       0x34 ./Drivers/STM32L4xx_HAL_Driver/Src/stm32l4xx_ll_gpio.o
 .ARM.attributes
                0x000000000000027b       0x34 ./Drivers/STM32L4xx_HAL_Driver/Src/stm32l4xx_ll_spi.o
 .ARM.attributes
                0x00000000000002af       0x34 ./Drivers/STM32L4xx_HAL_Driver/Src/stm32l4xx_ll_tim.o
 .ARM.attributes
                0x00000000000002e3       0x34 ./Drivers/STM32L4xx_HAL_Driver/Src/stm32l4xx_ll_utils.o
 .ARM.attributes
                0x0000000000000317       0x34 /opt/st/stm32cubeide_1.9.0/plugins/com.st.stm32cube.ide.mcu.externaltools.gnu-tools-for-stm32.10.3-2021.10.linux64_1.0.0.202111181127/tools/bin/../lib/gcc/arm-none-eabi/10.3.1/../../../../arm-none-eabi/lib/thumb/v7e-m+fp/hard/libc_nano.a(lib_a-init.o)
 .ARM.attributes
                0x000000000000034b       0x34 /opt/st/stm32cubeide_1.9.0/plugins/com.st.stm32cube.ide.mcu.externaltools.gnu-tools-for-stm32.10.3-2021.10.linux64_1.0.0.202111181127/tools/bin/../lib/gcc/arm-none-eabi/10.3.1/../../../../arm-none-eabi/lib/thumb/v7e-m+fp/hard/libc_nano.a(lib_a-memset.o)
 .ARM.attributes
                0x000000000000037f       0x1e /opt/st/stm32cubeide_1.9.0/plugins/com.st.stm32cube.ide.mcu.externaltools.gnu-tools-for-stm32.10.3-2021.10.linux64_1.0.0.202111181127/tools/bin/../lib/gcc/arm-none-eabi/10.3.1/thumb/v7e-m+fp/hard/crtn.o
OUTPUT(fersat_pdh.elf elf32-littlearm)
LOAD linker stubs
LOAD /opt/st/stm32cubeide_1.9.0/plugins/com.st.stm32cube.ide.mcu.externaltools.gnu-tools-for-stm32.10.3-2021.10.linux64_1.0.0.202111181127/tools/bin/../lib/gcc/arm-none-eabi/10.3.1/../../../../arm-none-eabi/lib/thumb/v7e-m+fp/hard/libc.a
LOAD /opt/st/stm32cubeide_1.9.0/plugins/com.st.stm32cube.ide.mcu.externaltools.gnu-tools-for-stm32.10.3-2021.10.linux64_1.0.0.202111181127/tools/bin/../lib/gcc/arm-none-eabi/10.3.1/../../../../arm-none-eabi/lib/thumb/v7e-m+fp/hard/libm.a
LOAD /opt/st/stm32cubeide_1.9.0/plugins/com.st.stm32cube.ide.mcu.externaltools.gnu-tools-for-stm32.10.3-2021.10.linux64_1.0.0.202111181127/tools/bin/../lib/gcc/arm-none-eabi/10.3.1/thumb/v7e-m+fp/hard/libgcc.a

.debug_info     0x0000000000000000     0x8cf3
 .debug_info    0x0000000000000000      0xacf ./Core/Src/ads131m08.o
 .debug_info    0x0000000000000acf      0xf6b ./Core/Src/dma.o
 .debug_info    0x0000000000001a3a      0xf30 ./Core/Src/gpio.o
 .debug_info    0x000000000000296a     0x12f5 ./Core/Src/main.o
 .debug_info    0x0000000000003c5f      0xd21 ./Core/Src/spi.o
 .debug_info    0x0000000000004980      0x397 ./Core/Src/stm32l4xx_it.o
 .debug_info    0x0000000000004d17      0x5bf ./Core/Src/system_stm32l4xx.o
 .debug_info    0x00000000000052d6      0x6c7 ./Core/Src/tim.o
 .debug_info    0x000000000000599d       0x22 ./Core/Startup/startup_stm32l471vgtx.o
 .debug_info    0x00000000000059bf      0x513 ./Drivers/STM32L4xx_HAL_Driver/Src/stm32l4xx_ll_exti.o
 .debug_info    0x0000000000005ed2      0xa01 ./Drivers/STM32L4xx_HAL_Driver/Src/stm32l4xx_ll_gpio.o
 .debug_info    0x00000000000068d3      0x5f4 ./Drivers/STM32L4xx_HAL_Driver/Src/stm32l4xx_ll_spi.o
 .debug_info    0x0000000000006ec7     0x1195 ./Drivers/STM32L4xx_HAL_Driver/Src/stm32l4xx_ll_tim.o
 .debug_info    0x000000000000805c      0xc97 ./Drivers/STM32L4xx_HAL_Driver/Src/stm32l4xx_ll_utils.o

.debug_abbrev   0x0000000000000000     0x1981
 .debug_abbrev  0x0000000000000000      0x23d ./Core/Src/ads131m08.o
 .debug_abbrev  0x000000000000023d      0x215 ./Core/Src/dma.o
 .debug_abbrev  0x0000000000000452      0x27f ./Core/Src/gpio.o
 .debug_abbrev  0x00000000000006d1      0x2c4 ./Core/Src/main.o
 .debug_abbrev  0x0000000000000995      0x24d ./Core/Src/spi.o
 .debug_abbrev  0x0000000000000be2      0x17b ./Core/Src/stm32l4xx_it.o
 .debug_abbrev  0x0000000000000d5d      0x116 ./Core/Src/system_stm32l4xx.o
 .debug_abbrev  0x0000000000000e73      0x180 ./Core/Src/tim.o
 .debug_abbrev  0x0000000000000ff3       0x12 ./Core/Startup/startup_stm32l471vgtx.o
 .debug_abbrev  0x0000000000001005      0x183 ./Drivers/STM32L4xx_HAL_Driver/Src/stm32l4xx_ll_exti.o
 .debug_abbrev  0x0000000000001188      0x223 ./Drivers/STM32L4xx_HAL_Driver/Src/stm32l4xx_ll_gpio.o
 .debug_abbrev  0x00000000000013ab      0x17a ./Drivers/STM32L4xx_HAL_Driver/Src/stm32l4xx_ll_spi.o
 .debug_abbrev  0x0000000000001525      0x205 ./Drivers/STM32L4xx_HAL_Driver/Src/stm32l4xx_ll_tim.o
 .debug_abbrev  0x000000000000172a      0x257 ./Drivers/STM32L4xx_HAL_Driver/Src/stm32l4xx_ll_utils.o

.debug_aranges  0x0000000000000000      0x8d0
 .debug_aranges
                0x0000000000000000       0x90 ./Core/Src/ads131m08.o
 .debug_aranges
                0x0000000000000090       0xc8 ./Core/Src/dma.o
 .debug_aranges
                0x0000000000000158       0x68 ./Core/Src/gpio.o
 .debug_aranges
                0x00000000000001c0      0x100 ./Core/Src/main.o
 .debug_aranges
                0x00000000000002c0       0xd0 ./Core/Src/spi.o
 .debug_aranges
                0x0000000000000390       0xa0 ./Core/Src/stm32l4xx_it.o
 .debug_aranges
                0x0000000000000430       0x28 ./Core/Src/system_stm32l4xx.o
 .debug_aranges
                0x0000000000000458       0x48 ./Core/Src/tim.o
 .debug_aranges
                0x00000000000004a0       0x28 ./Core/Startup/startup_stm32l471vgtx.o
 .debug_aranges
                0x00000000000004c8       0xb0 ./Drivers/STM32L4xx_HAL_Driver/Src/stm32l4xx_ll_exti.o
 .debug_aranges
                0x0000000000000578       0x70 ./Drivers/STM32L4xx_HAL_Driver/Src/stm32l4xx_ll_gpio.o
 .debug_aranges
                0x00000000000005e8       0x68 ./Drivers/STM32L4xx_HAL_Driver/Src/stm32l4xx_ll_spi.o
 .debug_aranges
                0x0000000000000650      0x148 ./Drivers/STM32L4xx_HAL_Driver/Src/stm32l4xx_ll_tim.o
 .debug_aranges
                0x0000000000000798      0x138 ./Drivers/STM32L4xx_HAL_Driver/Src/stm32l4xx_ll_utils.o

.debug_ranges   0x0000000000000000      0x7f8
 .debug_ranges  0x0000000000000000       0x80 ./Core/Src/ads131m08.o
 .debug_ranges  0x0000000000000080       0xb8 ./Core/Src/dma.o
 .debug_ranges  0x0000000000000138       0x58 ./Core/Src/gpio.o
 .debug_ranges  0x0000000000000190       0xf0 ./Core/Src/main.o
 .debug_ranges  0x0000000000000280       0xc0 ./Core/Src/spi.o
 .debug_ranges  0x0000000000000340       0x90 ./Core/Src/stm32l4xx_it.o
 .debug_ranges  0x00000000000003d0       0x18 ./Core/Src/system_stm32l4xx.o
 .debug_ranges  0x00000000000003e8       0x38 ./Core/Src/tim.o
 .debug_ranges  0x0000000000000420       0x20 ./Core/Startup/startup_stm32l471vgtx.o
 .debug_ranges  0x0000000000000440       0xa0 ./Drivers/STM32L4xx_HAL_Driver/Src/stm32l4xx_ll_exti.o
 .debug_ranges  0x00000000000004e0       0x60 ./Drivers/STM32L4xx_HAL_Driver/Src/stm32l4xx_ll_gpio.o
 .debug_ranges  0x0000000000000540       0x58 ./Drivers/STM32L4xx_HAL_Driver/Src/stm32l4xx_ll_spi.o
 .debug_ranges  0x0000000000000598      0x138 ./Drivers/STM32L4xx_HAL_Driver/Src/stm32l4xx_ll_tim.o
 .debug_ranges  0x00000000000006d0      0x128 ./Drivers/STM32L4xx_HAL_Driver/Src/stm32l4xx_ll_utils.o

.debug_macro    0x0000000000000000    0x1da8c
 .debug_macro   0x0000000000000000      0x17d ./Core/Src/ads131m08.o
 .debug_macro   0x000000000000017d      0xac6 ./Core/Src/ads131m08.o
 .debug_macro   0x0000000000000c43       0x2e ./Core/Src/ads131m08.o
 .debug_macro   0x0000000000000c71       0x28 ./Core/Src/ads131m08.o
 .debug_macro   0x0000000000000c99       0x22 ./Core/Src/ads131m08.o
 .debug_macro   0x0000000000000cbb       0x8e ./Core/Src/ads131m08.o
 .debug_macro   0x0000000000000d49       0x51 ./Core/Src/ads131m08.o
 .debug_macro   0x0000000000000d9a      0x103 ./Core/Src/ads131m08.o
 .debug_macro   0x0000000000000e9d       0x6a ./Core/Src/ads131m08.o
 .debug_macro   0x0000000000000f07      0x1df ./Core/Src/ads131m08.o
 .debug_macro   0x00000000000010e6       0x1c ./Core/Src/ads131m08.o
 .debug_macro   0x0000000000001102       0x22 ./Core/Src/ads131m08.o
 .debug_macro   0x0000000000001124       0xfb ./Core/Src/ads131m08.o
 .debug_macro   0x000000000000121f     0x1011 ./Core/Src/ads131m08.o
 .debug_macro   0x0000000000002230      0x11f ./Core/Src/ads131m08.o
 .debug_macro   0x000000000000234f    0x1773f ./Core/Src/ads131m08.o
 .debug_macro   0x0000000000019a8e       0x6d ./Core/Src/ads131m08.o
 .debug_macro   0x0000000000019afb      0x2c5 ./Core/Src/ads131m08.o
 .debug_macro   0x0000000000019dc0      0x6f3 ./Core/Src/ads131m08.o
 .debug_macro   0x000000000001a4b3      0x1b2 ./Core/Src/ads131m08.o
 .debug_macro   0x000000000001a665      0x2f5 ./Core/Src/ads131m08.o
 .debug_macro   0x000000000001a95a      0x155 ./Core/Src/ads131m08.o
 .debug_macro   0x000000000001aaaf      0x1a6 ./Core/Src/ads131m08.o
 .debug_macro   0x000000000001ac55       0xa7 ./Core/Src/ads131m08.o
 .debug_macro   0x000000000001acfc      0x1fb ./Core/Src/ads131m08.o
 .debug_macro   0x000000000001aef7      0x1d2 ./Core/Src/ads131m08.o
 .debug_macro   0x000000000001b0c9      0x99e ./Core/Src/ads131m08.o
 .debug_macro   0x000000000001ba67      0x169 ./Core/Src/ads131m08.o
 .debug_macro   0x000000000001bbd0       0x70 ./Core/Src/ads131m08.o
 .debug_macro   0x000000000001bc40       0x16 ./Core/Src/ads131m08.o
 .debug_macro   0x000000000001bc56      0x164 ./Core/Src/dma.o
 .debug_macro   0x000000000001bdba      0x15a ./Core/Src/gpio.o
 .debug_macro   0x000000000001bf14      0x197 ./Core/Src/main.o
 .debug_macro   0x000000000001c0ab      0x15a ./Core/Src/spi.o
 .debug_macro   0x000000000001c205      0x15a ./Core/Src/stm32l4xx_it.o
 .debug_macro   0x000000000001c35f       0xce ./Core/Src/system_stm32l4xx.o
 .debug_macro   0x000000000001c42d      0x15a ./Core/Src/tim.o
 .debug_macro   0x000000000001c587       0xfb ./Drivers/STM32L4xx_HAL_Driver/Src/stm32l4xx_ll_exti.o
 .debug_macro   0x000000000001c682      0x14f ./Drivers/STM32L4xx_HAL_Driver/Src/stm32l4xx_ll_exti.o
 .debug_macro   0x000000000001c7d1      0x110 ./Drivers/STM32L4xx_HAL_Driver/Src/stm32l4xx_ll_gpio.o
 .debug_macro   0x000000000001c8e1      0x163 ./Drivers/STM32L4xx_HAL_Driver/Src/stm32l4xx_ll_gpio.o
 .debug_macro   0x000000000001ca44      0x12e ./Drivers/STM32L4xx_HAL_Driver/Src/stm32l4xx_ll_spi.o
 .debug_macro   0x000000000001cb72      0x1cc ./Drivers/STM32L4xx_HAL_Driver/Src/stm32l4xx_ll_spi.o
 .debug_macro   0x000000000001cd3e      0x177 ./Drivers/STM32L4xx_HAL_Driver/Src/stm32l4xx_ll_tim.o
 .debug_macro   0x000000000001ceb5      0x998 ./Drivers/STM32L4xx_HAL_Driver/Src/stm32l4xx_ll_tim.o
 .debug_macro   0x000000000001d84d      0x19e ./Drivers/STM32L4xx_HAL_Driver/Src/stm32l4xx_ll_utils.o
 .debug_macro   0x000000000001d9eb       0xa1 ./Drivers/STM32L4xx_HAL_Driver/Src/stm32l4xx_ll_utils.o

.debug_line     0x0000000000000000     0x6892
 .debug_line    0x0000000000000000      0x790 ./Core/Src/ads131m08.o
 .debug_line    0x0000000000000790      0x865 ./Core/Src/dma.o
 .debug_line    0x0000000000000ff5      0x7c8 ./Core/Src/gpio.o
 .debug_line    0x00000000000017bd      0x9e8 ./Core/Src/main.o
 .debug_line    0x00000000000021a5      0x917 ./Core/Src/spi.o
 .debug_line    0x0000000000002abc      0x735 ./Core/Src/stm32l4xx_it.o
 .debug_line    0x00000000000031f1      0x4d5 ./Core/Src/system_stm32l4xx.o
 .debug_line    0x00000000000036c6      0x61a ./Core/Src/tim.o
 .debug_line    0x0000000000003ce0       0x88 ./Core/Startup/startup_stm32l471vgtx.o
 .debug_line    0x0000000000003d68      0x6df ./Drivers/STM32L4xx_HAL_Driver/Src/stm32l4xx_ll_exti.o
 .debug_line    0x0000000000004447      0x788 ./Drivers/STM32L4xx_HAL_Driver/Src/stm32l4xx_ll_gpio.o
 .debug_line    0x0000000000004bcf      0x5e6 ./Drivers/STM32L4xx_HAL_Driver/Src/stm32l4xx_ll_spi.o
 .debug_line    0x00000000000051b5      0xbdb ./Drivers/STM32L4xx_HAL_Driver/Src/stm32l4xx_ll_tim.o
 .debug_line    0x0000000000005d90      0xb02 ./Drivers/STM32L4xx_HAL_Driver/Src/stm32l4xx_ll_utils.o

.debug_str      0x0000000000000000    0xa30fa
 .debug_str     0x0000000000000000    0x9e4ca ./Core/Src/ads131m08.o
                                      0x9e73a (size before relaxing)
 .debug_str     0x000000000009e4ca      0x373 ./Core/Src/dma.o
                                      0x9e8e0 (size before relaxing)
 .debug_str     0x000000000009e83d      0x191 ./Core/Src/gpio.o
                                      0x9e81d (size before relaxing)
 .debug_str     0x000000000009e9ce      0x39b ./Core/Src/main.o
                                      0x9eaf1 (size before relaxing)
 .debug_str     0x000000000009ed69      0x287 ./Core/Src/spi.o
                                      0x9e46b (size before relaxing)
 .debug_str     0x000000000009eff0      0x187 ./Core/Src/stm32l4xx_it.o
                                      0x9e090 (size before relaxing)
 .debug_str     0x000000000009f177       0x8e ./Core/Src/system_stm32l4xx.o
                                      0x8eae7 (size before relaxing)
 .debug_str     0x000000000009f205       0xdf ./Core/Src/tim.o
                                      0x9e19c (size before relaxing)
 .debug_str     0x000000000009f2e4       0x6a ./Core/Startup/startup_stm32l471vgtx.o
 .debug_str     0x000000000009f34e      0x450 ./Drivers/STM32L4xx_HAL_Driver/Src/stm32l4xx_ll_exti.o
                                      0x8f49b (size before relaxing)
 .debug_str     0x000000000009f79e      0x624 ./Drivers/STM32L4xx_HAL_Driver/Src/stm32l4xx_ll_gpio.o
                                      0x90450 (size before relaxing)
 .debug_str     0x000000000009fdc2      0x997 ./Drivers/STM32L4xx_HAL_Driver/Src/stm32l4xx_ll_spi.o
                                      0x90b18 (size before relaxing)
 .debug_str     0x00000000000a0759     0x1b81 ./Drivers/STM32L4xx_HAL_Driver/Src/stm32l4xx_ll_tim.o
                                      0x96017 (size before relaxing)
 .debug_str     0x00000000000a22da      0xe20 ./Drivers/STM32L4xx_HAL_Driver/Src/stm32l4xx_ll_utils.o
                                      0x9569a (size before relaxing)

.comment        0x0000000000000000       0x50
 .comment       0x0000000000000000       0x50 ./Core/Src/ads131m08.o
                                         0x51 (size before relaxing)
 .comment       0x0000000000000050       0x51 ./Core/Src/dma.o
 .comment       0x0000000000000050       0x51 ./Core/Src/gpio.o
 .comment       0x0000000000000050       0x51 ./Core/Src/main.o
 .comment       0x0000000000000050       0x51 ./Core/Src/spi.o
 .comment       0x0000000000000050       0x51 ./Core/Src/stm32l4xx_it.o
 .comment       0x0000000000000050       0x51 ./Core/Src/system_stm32l4xx.o
 .comment       0x0000000000000050       0x51 ./Core/Src/tim.o
 .comment       0x0000000000000050       0x51 ./Drivers/STM32L4xx_HAL_Driver/Src/stm32l4xx_ll_exti.o
 .comment       0x0000000000000050       0x51 ./Drivers/STM32L4xx_HAL_Driver/Src/stm32l4xx_ll_gpio.o
 .comment       0x0000000000000050       0x51 ./Drivers/STM32L4xx_HAL_Driver/Src/stm32l4xx_ll_spi.o
 .comment       0x0000000000000050       0x51 ./Drivers/STM32L4xx_HAL_Driver/Src/stm32l4xx_ll_tim.o
 .comment       0x0000000000000050       0x51 ./Drivers/STM32L4xx_HAL_Driver/Src/stm32l4xx_ll_utils.o

.debug_frame    0x0000000000000000     0x23c0
 .debug_frame   0x0000000000000000      0x23c ./Core/Src/ads131m08.o
 .debug_frame   0x000000000000023c      0x344 ./Core/Src/dma.o
 .debug_frame   0x0000000000000580      0x194 ./Core/Src/gpio.o
 .debug_frame   0x0000000000000714      0x440 ./Core/Src/main.o
 .debug_frame   0x0000000000000b54      0x3a0 ./Core/Src/spi.o
 .debug_frame   0x0000000000000ef4      0x20c ./Core/Src/stm32l4xx_it.o
 .debug_frame   0x0000000000001100       0x58 ./Core/Src/system_stm32l4xx.o
 .debug_frame   0x0000000000001158       0xfc ./Core/Src/tim.o
 .debug_frame   0x0000000000001254      0x2fc ./Drivers/STM32L4xx_HAL_Driver/Src/stm32l4xx_ll_exti.o
 .debug_frame   0x0000000000001550      0x1c0 ./Drivers/STM32L4xx_HAL_Driver/Src/stm32l4xx_ll_gpio.o
 .debug_frame   0x0000000000001710      0x198 ./Drivers/STM32L4xx_HAL_Driver/Src/stm32l4xx_ll_spi.o
 .debug_frame   0x00000000000018a8      0x5d0 ./Drivers/STM32L4xx_HAL_Driver/Src/stm32l4xx_ll_tim.o
 .debug_frame   0x0000000000001e78      0x4fc ./Drivers/STM32L4xx_HAL_Driver/Src/stm32l4xx_ll_utils.o
 .debug_frame   0x0000000000002374       0x2c /opt/st/stm32cubeide_1.9.0/plugins/com.st.stm32cube.ide.mcu.externaltools.gnu-tools-for-stm32.10.3-2021.10.linux64_1.0.0.202111181127/tools/bin/../lib/gcc/arm-none-eabi/10.3.1/../../../../arm-none-eabi/lib/thumb/v7e-m+fp/hard/libc_nano.a(lib_a-init.o)
 .debug_frame   0x00000000000023a0       0x20 /opt/st/stm32cubeide_1.9.0/plugins/com.st.stm32cube.ide.mcu.externaltools.gnu-tools-for-stm32.10.3-2021.10.linux64_1.0.0.202111181127/tools/bin/../lib/gcc/arm-none-eabi/10.3.1/../../../../arm-none-eabi/lib/thumb/v7e-m+fp/hard/libc_nano.a(lib_a-memset.o)
