Archive member included to satisfy reference by file (symbol)

/opt/st/stm32cubeide_1.9.0/plugins/com.st.stm32cube.ide.mcu.externaltools.gnu-tools-for-stm32.10.3-2021.10.linux64_1.0.0.202111181127/tools/bin/../lib/gcc/arm-none-eabi/10.3.1/../../../../arm-none-eabi/lib/thumb/v7e-m+fp/hard/libc_nano.a(lib_a-errno.o)
                              ./Core/Src/syscalls.o (__errno)
/opt/st/stm32cubeide_1.9.0/plugins/com.st.stm32cube.ide.mcu.externaltools.gnu-tools-for-stm32.10.3-2021.10.linux64_1.0.0.202111181127/tools/bin/../lib/gcc/arm-none-eabi/10.3.1/../../../../arm-none-eabi/lib/thumb/v7e-m+fp/hard/libc_nano.a(lib_a-exit.o)
                              /opt/st/stm32cubeide_1.9.0/plugins/com.st.stm32cube.ide.mcu.externaltools.gnu-tools-for-stm32.10.3-2021.10.linux64_1.0.0.202111181127/tools/bin/../lib/gcc/arm-none-eabi/10.3.1/../../../../arm-none-eabi/lib/thumb/v7e-m+fp/hard/crt0.o (exit)
/opt/st/stm32cubeide_1.9.0/plugins/com.st.stm32cube.ide.mcu.externaltools.gnu-tools-for-stm32.10.3-2021.10.linux64_1.0.0.202111181127/tools/bin/../lib/gcc/arm-none-eabi/10.3.1/../../../../arm-none-eabi/lib/thumb/v7e-m+fp/hard/libc_nano.a(lib_a-impure.o)
                              /opt/st/stm32cubeide_1.9.0/plugins/com.st.stm32cube.ide.mcu.externaltools.gnu-tools-for-stm32.10.3-2021.10.linux64_1.0.0.202111181127/tools/bin/../lib/gcc/arm-none-eabi/10.3.1/../../../../arm-none-eabi/lib/thumb/v7e-m+fp/hard/libc_nano.a(lib_a-exit.o) (_global_impure_ptr)
/opt/st/stm32cubeide_1.9.0/plugins/com.st.stm32cube.ide.mcu.externaltools.gnu-tools-for-stm32.10.3-2021.10.linux64_1.0.0.202111181127/tools/bin/../lib/gcc/arm-none-eabi/10.3.1/../../../../arm-none-eabi/lib/thumb/v7e-m+fp/hard/libc_nano.a(lib_a-init.o)
                              /opt/st/stm32cubeide_1.9.0/plugins/com.st.stm32cube.ide.mcu.externaltools.gnu-tools-for-stm32.10.3-2021.10.linux64_1.0.0.202111181127/tools/bin/../lib/gcc/arm-none-eabi/10.3.1/../../../../arm-none-eabi/lib/thumb/v7e-m+fp/hard/crt0.o (__libc_init_array)
/opt/st/stm32cubeide_1.9.0/plugins/com.st.stm32cube.ide.mcu.externaltools.gnu-tools-for-stm32.10.3-2021.10.linux64_1.0.0.202111181127/tools/bin/../lib/gcc/arm-none-eabi/10.3.1/../../../../arm-none-eabi/lib/thumb/v7e-m+fp/hard/libc_nano.a(lib_a-memset.o)
                              /opt/st/stm32cubeide_1.9.0/plugins/com.st.stm32cube.ide.mcu.externaltools.gnu-tools-for-stm32.10.3-2021.10.linux64_1.0.0.202111181127/tools/bin/../lib/gcc/arm-none-eabi/10.3.1/../../../../arm-none-eabi/lib/thumb/v7e-m+fp/hard/crt0.o (memset)

Discarded input sections

 .text          0x0000000000000000        0x0 /opt/st/stm32cubeide_1.9.0/plugins/com.st.stm32cube.ide.mcu.externaltools.gnu-tools-for-stm32.10.3-2021.10.linux64_1.0.0.202111181127/tools/bin/../lib/gcc/arm-none-eabi/10.3.1/thumb/v7e-m+fp/hard/crti.o
 .data          0x0000000000000000        0x0 /opt/st/stm32cubeide_1.9.0/plugins/com.st.stm32cube.ide.mcu.externaltools.gnu-tools-for-stm32.10.3-2021.10.linux64_1.0.0.202111181127/tools/bin/../lib/gcc/arm-none-eabi/10.3.1/thumb/v7e-m+fp/hard/crti.o
 .bss           0x0000000000000000        0x0 /opt/st/stm32cubeide_1.9.0/plugins/com.st.stm32cube.ide.mcu.externaltools.gnu-tools-for-stm32.10.3-2021.10.linux64_1.0.0.202111181127/tools/bin/../lib/gcc/arm-none-eabi/10.3.1/thumb/v7e-m+fp/hard/crti.o
 .data          0x0000000000000000        0x4 /opt/st/stm32cubeide_1.9.0/plugins/com.st.stm32cube.ide.mcu.externaltools.gnu-tools-for-stm32.10.3-2021.10.linux64_1.0.0.202111181127/tools/bin/../lib/gcc/arm-none-eabi/10.3.1/thumb/v7e-m+fp/hard/crtbegin.o
 .rodata        0x0000000000000000       0x24 /opt/st/stm32cubeide_1.9.0/plugins/com.st.stm32cube.ide.mcu.externaltools.gnu-tools-for-stm32.10.3-2021.10.linux64_1.0.0.202111181127/tools/bin/../lib/gcc/arm-none-eabi/10.3.1/thumb/v7e-m+fp/hard/crtbegin.o
 .text          0x0000000000000000       0x7c /opt/st/stm32cubeide_1.9.0/plugins/com.st.stm32cube.ide.mcu.externaltools.gnu-tools-for-stm32.10.3-2021.10.linux64_1.0.0.202111181127/tools/bin/../lib/gcc/arm-none-eabi/10.3.1/../../../../arm-none-eabi/lib/thumb/v7e-m+fp/hard/crt0.o
 .data          0x0000000000000000        0x0 /opt/st/stm32cubeide_1.9.0/plugins/com.st.stm32cube.ide.mcu.externaltools.gnu-tools-for-stm32.10.3-2021.10.linux64_1.0.0.202111181127/tools/bin/../lib/gcc/arm-none-eabi/10.3.1/../../../../arm-none-eabi/lib/thumb/v7e-m+fp/hard/crt0.o
 .bss           0x0000000000000000        0x0 /opt/st/stm32cubeide_1.9.0/plugins/com.st.stm32cube.ide.mcu.externaltools.gnu-tools-for-stm32.10.3-2021.10.linux64_1.0.0.202111181127/tools/bin/../lib/gcc/arm-none-eabi/10.3.1/../../../../arm-none-eabi/lib/thumb/v7e-m+fp/hard/crt0.o
 .ARM.extab     0x0000000000000000        0x0 /opt/st/stm32cubeide_1.9.0/plugins/com.st.stm32cube.ide.mcu.externaltools.gnu-tools-for-stm32.10.3-2021.10.linux64_1.0.0.202111181127/tools/bin/../lib/gcc/arm-none-eabi/10.3.1/../../../../arm-none-eabi/lib/thumb/v7e-m+fp/hard/crt0.o
[...]
Memory Configuration

Name             Origin             Length             Attributes
RAM              0x0000000020000000 0x0000000000018000 xrw
RAM2             0x0000000010000000 0x0000000000008000 xrw
FLASH            0x0000000008000000 0x0000000000100000 xr
*default*        0x0000000000000000 0xffffffffffffffff

Linker script and memory map

LOAD /opt/st/stm32cubeide_1.9.0/plugins/com.st.stm32cube.ide.mcu.externaltools.gnu-tools-for-stm32.10.3-2021.10.linux64_1.0.0.202111181127/tools/bin/../lib/gcc/arm-none-eabi/10.3.1/thumb/v7e-m+fp/hard/crti.o
LOAD /opt/st/stm32cubeide_1.9.0/plugins/com.st.stm32cube.ide.mcu.externaltools.gnu-tools-for-stm32.10.3-2021.10.linux64_1.0.0.202111181127/tools/bin/../lib/gcc/arm-none-eabi/10.3.1/thumb/v7e-m+fp/hard/crtbegin.o
LOAD /opt/st/stm32cubeide_1.9.0/plugins/com.st.stm32cube.ide.mcu.externaltools.gnu-tools-for-stm32.10.3-2021.10.linux64_1.0.0.202111181127/tools/bin/../lib/gcc/arm-none-eabi/10.3.1/../../../../arm-none-eabi/lib/thumb/v7e-m+fp/hard/crt0.o
LOAD ./Core/Src/ads131m08.o
LOAD ./Core/Src/dma.o
LOAD ./Core/Src/gpio.o
LOAD ./Core/Src/main.o
LOAD ./Core/Src/spi.o
LOAD ./Core/Src/stm32l4xx_it.o
LOAD ./Core/Src/syscalls.o
LOAD ./Core/Src/sysmem.o
LOAD ./Core/Src/system_stm32l4xx.o
LOAD ./Core/Src/tim.o
LOAD ./Core/Startup/startup_stm32l471vgtx.o
LOAD ./Drivers/STM32L4xx_HAL_Driver/Src/stm32l4xx_ll_dma.o
LOAD ./Drivers/STM32L4xx_HAL_Driver/Src/stm32l4xx_ll_exti.o
LOAD ./Drivers/STM32L4xx_HAL_Driver/Src/stm32l4xx_ll_gpio.o
LOAD ./Drivers/STM32L4xx_HAL_Driver/Src/stm32l4xx_ll_pwr.o
LOAD ./Drivers/STM32L4xx_HAL_Driver/Src/stm32l4xx_ll_spi.o
LOAD ./Drivers/STM32L4xx_HAL_Driver/Src/stm32l4xx_ll_tim.o
LOAD ./Drivers/STM32L4xx_HAL_Driver/Src/stm32l4xx_ll_utils.o
START GROUP
LOAD /opt/st/stm32cubeide_1.9.0/plugins/com.st.stm32cube.ide.mcu.externaltools.gnu-tools-for-stm32.10.3-2021.10.linux64_1.0.0.202111181127/tools/bin/../lib/gcc/arm-none-eabi/10.3.1/../../../../arm-none-eabi/lib/thumb/v7e-m+fp/hard/libc_nano.a
LOAD /opt/st/stm32cubeide_1.9.0/plugins/com.st.stm32cube.ide.mcu.externaltools.gnu-tools-for-stm32.10.3-2021.10.linux64_1.0.0.202111181127/tools/bin/../lib/gcc/arm-none-eabi/10.3.1/../../../../arm-none-eabi/lib/thumb/v7e-m+fp/hard/libm.a
END GROUP
START GROUP
LOAD /opt/st/stm32cubeide_1.9.0/plugins/com.st.stm32cube.ide.mcu.externaltools.gnu-tools-for-stm32.10.3-2021.10.linux64_1.0.0.202111181127/tools/bin/../lib/gcc/arm-none-eabi/10.3.1/thumb/v7e-m+fp/hard/libgcc.a
LOAD /opt/st/stm32cubeide_1.9.0/plugins/com.st.stm32cube.ide.mcu.externaltools.gnu-tools-for-stm32.10.3-2021.10.linux64_1.0.0.202111181127/tools/bin/../lib/gcc/arm-none-eabi/10.3.1/../../../../arm-none-eabi/lib/thumb/v7e-m+fp/hard/libc_nano.a
END GROUP
START GROUP
LOAD /opt/st/stm32cubeide_1.9.0/plugins/com.st.stm32cube.ide.mcu.externaltools.gnu-tools-for-stm32.10.3-2021.10.linux64_1.0.0.202111181127/tools/bin/../lib/gcc/arm-none-eabi/10.3.1/thumb/v7e-m+fp/hard/libgcc.a
LOAD /opt/st/stm32cubeide_1.9.0/plugins/com.st.stm32cube.ide.mcu.externaltools.gnu-tools-for-stm32.10.3-2021.10.linux64_1.0.0.202111181127/tools/bin/../lib/gcc/arm-none-eabi/10.3.1/../../../../arm-none-eabi/lib/thumb/v7e-m+fp/hard/libc_nano.a
LOAD /opt/st/stm32cubeide_1.9.0/plugins/com.st.stm32cube.ide.mcu.externaltools.gnu-tools-for-stm32.10.3-2021.10.linux64_1.0.0.202111181127/tools/bin/../lib/gcc/arm-none-eabi/10.3.1/../../../../arm-none-eabi/lib/thumb/v7e-m+fp/hard/libnosys.a
END GROUP
START GROUP
LOAD /opt/st/stm32cubeide_1.9.0/plugins/com.st.stm32cube.ide.mcu.externaltools.gnu-tools-for-stm32.10.3-2021.10.linux64_1.0.0.202111181127/tools/bin/../lib/gcc/arm-none-eabi/10.3.1/thumb/v7e-m+fp/hard/libgcc.a
LOAD /opt/st/stm32cubeide_1.9.0/plugins/com.st.stm32cube.ide.mcu.externaltools.gnu-tools-for-stm32.10.3-2021.10.linux64_1.0.0.202111181127/tools/bin/../lib/gcc/arm-none-eabi/10.3.1/../../../../arm-none-eabi/lib/thumb/v7e-m+fp/hard/libc_nano.a
LOAD /opt/st/stm32cubeide_1.9.0/plugins/com.st.stm32cube.ide.mcu.externaltools.gnu-tools-for-stm32.10.3-2021.10.linux64_1.0.0.202111181127/tools/bin/../lib/gcc/arm-none-eabi/10.3.1/../../../../arm-none-eabi/lib/thumb/v7e-m+fp/hard/libnosys.a
END GROUP
LOAD /opt/st/stm32cubeide_1.9.0/plugins/com.st.stm32cube.ide.mcu.externaltools.gnu-tools-for-stm32.10.3-2021.10.linux64_1.0.0.202111181127/tools/bin/../lib/gcc/arm-none-eabi/10.3.1/thumb/v7e-m+fp/hard/crtend.o
LOAD /opt/st/stm32cubeide_1.9.0/plugins/com.st.stm32cube.ide.mcu.externaltools.gnu-tools-for-stm32.10.3-2021.10.linux64_1.0.0.202111181127/tools/bin/../lib/gcc/arm-none-eabi/10.3.1/thumb/v7e-m+fp/hard/crtn.o
                0x0000000020018000                _estack = (ORIGIN (RAM) + LENGTH (RAM))
                0x0000000000000200                _Min_Heap_Size = 0x200
                0x0000000000000400                _Min_Stack_Size = 0x400

.isr_vector     0x0000000008000000      0x188
                0x0000000008000000                . = ALIGN (0x4)
 *(.isr_vector)
 .isr_vector    0x0000000008000000      0x188 ./Core/Startup/startup_stm32l471vgtx.o
                0x0000000008000000                g_pfnVectors
                0x0000000008000188                . = ALIGN (0x4)

.text           0x0000000008000188     0x2520
                0x0000000008000188                . = ALIGN (0x4)
 *(.text)
 .text          0x0000000008000188       0x40 /opt/st/stm32cubeide_1.9.0/plugins/com.st.stm32cube.ide.mcu.externaltools.gnu-tools-for-stm32.10.3-2021.10.linux64_1.0.0.202111181127/tools/bin/../lib/gcc/arm-none-eabi/10.3.1/thumb/v7e-m+fp/hard/crtbegin.o
 *(.text*)
 .text.__NVIC_DisableIRQ
                0x00000000080001c8       0x48 ./Core/Src/ads131m08.o
 .text.LL_SPI_DMA_GetRegAddr
                0x0000000008000210       0x18 ./Core/Src/ads131m08.o
 .text.LL_GPIO_SetOutputPin
                0x0000000008000228       0x1c ./Core/Src/ads131m08.o
 .text.LL_GPIO_ResetOutputPin
                0x0000000008000244       0x1c ./Core/Src/ads131m08.o
 .text.ADC_Init
                0x0000000008000260       0x5c ./Core/Src/ads131m08.o
                0x0000000008000260                ADC_Init
 .text.ADC_first_read
                0x00000000080002bc       0x70 ./Core/Src/ads131m08.o
                0x00000000080002bc                ADC_first_read
 .text.ADC_DRDY_interrupt_handler
                0x000000000800032c       0x74 ./Core/Src/ads131m08.o
                0x000000000800032c                ADC_DRDY_interrupt_handler
 .text.ADC_DMA_init
                0x00000000080003a0       0x54 ./Core/Src/ads131m08.o
                0x00000000080003a0                ADC_DMA_init
 .text.ADC_Set_DMA_Data_Length
                0x00000000080003f4       0x2c ./Core/Src/ads131m08.o
                0x00000000080003f4                ADC_Set_DMA_Data_Length
 .text.ADC_Enable_SPI_DMA_transfer
                0x0000000008000420       0x3c ./Core/Src/ads131m08.o
                0x0000000008000420                ADC_Enable_SPI_DMA_transfer
 .text.__NVIC_GetPriorityGrouping
                0x000000000800045c       0x1c ./Core/Src/dma.o
 .text.__NVIC_EnableIRQ
                0x0000000008000478       0x3c ./Core/Src/dma.o
 .text.__NVIC_SetPriority
                0x00000000080004b4       0x54 ./Core/Src/dma.o
 .text.NVIC_EncodePriority
                0x0000000008000508       0x66 ./Core/Src/dma.o
 *fill*         0x000000000800056e        0x2 
 .text.LL_DMA_EnableChannel
                0x0000000008000570       0x44 ./Core/Src/dma.o
 .text.LL_DMA_DisableChannel
                0x00000000080005b4       0x44 ./Core/Src/dma.o
 .text.LL_DMA_SetDataLength
                0x00000000080005f8       0x4c ./Core/Src/dma.o
 .text.LL_DMA_SetMemoryAddress
                0x0000000008000644       0x34 ./Core/Src/dma.o
 .text.LL_DMA_SetPeriphAddress
                0x0000000008000678       0x34 ./Core/Src/dma.o
 .text.LL_DMA_ClearFlag_TC1
                0x00000000080006ac       0x1a ./Core/Src/dma.o
 .text.LL_DMA_ClearFlag_TC2
                0x00000000080006c6       0x1a ./Core/Src/dma.o
 .text.LL_DMA_EnableIT_TC
                0x00000000080006e0       0x44 ./Core/Src/dma.o
 .text.LL_AHB1_GRP1_EnableClock
                0x0000000008000724       0x30 ./Core/Src/dma.o
 .text.LL_GPIO_SetOutputPin
                0x0000000008000754       0x1c ./Core/Src/dma.o
 .text.MX_DMA_Init
                0x0000000008000770       0x4e ./Core/Src/dma.o
                0x0000000008000770                MX_DMA_Init
 .text.DMA_Channel_Init
                0x00000000080007be       0x34 ./Core/Src/dma.o
                0x00000000080007be                DMA_Channel_Init
 .text.DMA_Set_Channel_Data_Length
                0x00000000080007f2       0x1e ./Core/Src/dma.o
                0x00000000080007f2                DMA_Set_Channel_Data_Length
 .text.DMA_Reload_Memory_Address
                0x0000000008000810       0x20 ./Core/Src/dma.o
                0x0000000008000810                DMA_Reload_Memory_Address
 .text.DMA_Enable_CH1_CH2
                0x0000000008000830       0x20 ./Core/Src/dma.o
                0x0000000008000830                DMA_Enable_CH1_CH2
 .text.DMA_Transfer_Complete_RX_interrupt_handler
                0x0000000008000850       0x40 ./Core/Src/dma.o
                0x0000000008000850                DMA_Transfer_Complete_RX_interrupt_handler
 .text.DMA_Transfer_Complete_TX_interrupt_handler
                0x0000000008000890       0x40 ./Core/Src/dma.o
                0x0000000008000890                DMA_Transfer_Complete_TX_interrupt_handler
 .text.DMA_Disable
                0x00000000080008d0       0x2c ./Core/Src/dma.o
                0x00000000080008d0                DMA_Disable
 .text.__NVIC_GetPriorityGrouping
                0x00000000080008fc       0x1c ./Core/Src/gpio.o
 .text.__NVIC_EnableIRQ
                0x0000000008000918       0x3c ./Core/Src/gpio.o
 .text.__NVIC_SetPriority
                0x0000000008000954       0x54 ./Core/Src/gpio.o
 .text.NVIC_EncodePriority
                0x00000000080009a8       0x66 ./Core/Src/gpio.o
 *fill*         0x0000000008000a0e        0x2 
 .text.LL_AHB2_GRP1_EnableClock
                0x0000000008000a10       0x30 ./Core/Src/gpio.o
 .text.LL_SYSCFG_SetEXTISource
                0x0000000008000a40       0x6c ./Core/Src/gpio.o
 .text.LL_GPIO_SetPinMode
                0x0000000008000aac       0x7a ./Core/Src/gpio.o
 .text.LL_GPIO_SetPinPull
                0x0000000008000b26       0x7a ./Core/Src/gpio.o
 .text.LL_GPIO_SetOutputPin
                0x0000000008000ba0       0x1c ./Core/Src/gpio.o
 .text.MX_GPIO_Init
                0x0000000008000bbc       0xf4 ./Core/Src/gpio.o
                0x0000000008000bbc                MX_GPIO_Init
 .text.__NVIC_SetPriorityGrouping
                0x0000000008000cb0       0x48 ./Core/Src/main.o
 .text.__NVIC_GetPriorityGrouping
                0x0000000008000cf8       0x1c ./Core/Src/main.o
 .text.__NVIC_EnableIRQ
                0x0000000008000d14       0x3c ./Core/Src/main.o
 .text.__NVIC_DisableIRQ
                0x0000000008000d50       0x48 ./Core/Src/main.o
 .text.__NVIC_SetPriority
                0x0000000008000d98       0x54 ./Core/Src/main.o
 .text.NVIC_EncodePriority
                0x0000000008000dec       0x66 ./Core/Src/main.o
 *fill*         0x0000000008000e52        0x2 
 .text.LL_RCC_HSI_Enable
                0x0000000008000e54       0x20 ./Core/Src/main.o
 .text.LL_RCC_HSI_IsReady
                0x0000000008000e74       0x28 ./Core/Src/main.o
 .text.LL_RCC_HSI_SetCalibTrimming
                0x0000000008000e9c       0x2c ./Core/Src/main.o
 .text.LL_RCC_SetSysClkSource
                0x0000000008000ec8       0x28 ./Core/Src/main.o
 .text.LL_RCC_GetSysClkSource
                0x0000000008000ef0       0x1c ./Core/Src/main.o
 .text.LL_RCC_SetAHBPrescaler
                0x0000000008000f0c       0x28 ./Core/Src/main.o
 .text.LL_RCC_SetAPB1Prescaler
                0x0000000008000f34       0x28 ./Core/Src/main.o
 .text.LL_RCC_SetAPB2Prescaler
                0x0000000008000f5c       0x28 ./Core/Src/main.o
 .text.LL_APB1_GRP1_EnableClock
                0x0000000008000f84       0x30 ./Core/Src/main.o
 .text.LL_APB2_GRP1_EnableClock
                0x0000000008000fb4       0x30 ./Core/Src/main.o
 .text.LL_FLASH_SetLatency
                0x0000000008000fe4       0x28 ./Core/Src/main.o
 .text.LL_FLASH_GetLatency
                0x000000000800100c       0x1c ./Core/Src/main.o
 .text.LL_PWR_SetRegulVoltageScaling
                0x0000000008001028       0x28 ./Core/Src/main.o
 .text.main     0x0000000008001050       0x6c ./Core/Src/main.o
                0x0000000008001050                main
 .text.SystemClock_Config
                0x00000000080010bc       0x6c ./Core/Src/main.o
                0x00000000080010bc                SystemClock_Config
 .text.LL_DMA_SetDataTransferDirection
                0x0000000008001128       0x50 ./Core/Src/spi.o
 .text.LL_DMA_SetMode
                0x0000000008001178       0x4c ./Core/Src/spi.o
 .text.LL_DMA_SetPeriphIncMode
                0x00000000080011c4       0x4c ./Core/Src/spi.o
 .text.LL_DMA_SetMemoryIncMode
                0x0000000008001210       0x4c ./Core/Src/spi.o
 .text.LL_DMA_SetPeriphSize
                0x000000000800125c       0x4c ./Core/Src/spi.o
 .text.LL_DMA_SetMemorySize
                0x00000000080012a8       0x4c ./Core/Src/spi.o
 .text.LL_DMA_SetChannelPriorityLevel
                0x00000000080012f4       0x4c ./Core/Src/spi.o
 .text.LL_DMA_SetPeriphRequest
                0x0000000008001340       0x64 ./Core/Src/spi.o
 .text.LL_AHB2_GRP1_EnableClock
                0x00000000080013a4       0x30 ./Core/Src/spi.o
 .text.LL_APB1_GRP1_EnableClock
                0x00000000080013d4       0x30 ./Core/Src/spi.o
 .text.LL_SPI_Enable
                0x0000000008001404       0x20 ./Core/Src/spi.o
 .text.LL_SPI_Disable
                0x0000000008001424       0x20 ./Core/Src/spi.o
 .text.LL_SPI_SetStandard
                0x0000000008001444       0x26 ./Core/Src/spi.o
 .text.LL_SPI_DisableNSSPulseMgt
                0x000000000800146a       0x20 ./Core/Src/spi.o
 .text.LL_SPI_IsActiveFlag_RXNE
                0x000000000800148a       0x26 ./Core/Src/spi.o
 .text.LL_SPI_IsActiveFlag_TXE
                0x00000000080014b0       0x26 ./Core/Src/spi.o
 .text.LL_SPI_IsActiveFlag_BSY
                0x00000000080014d6       0x26 ./Core/Src/spi.o
 .text.LL_SPI_GetTxFIFOLevel
                0x00000000080014fc       0x1c ./Core/Src/spi.o
 .text.LL_SPI_EnableIT_RXNE
                0x0000000008001518       0x20 ./Core/Src/spi.o
 .text.LL_SPI_EnableIT_TXE
                0x0000000008001538       0x20 ./Core/Src/spi.o
 .text.LL_SPI_EnableDMAReq_RX
                0x0000000008001558       0x20 ./Core/Src/spi.o
 .text.LL_SPI_DisableDMAReq_RX
                0x0000000008001578       0x20 ./Core/Src/spi.o
 .text.LL_SPI_EnableDMAReq_TX
                0x0000000008001598       0x20 ./Core/Src/spi.o
 .text.LL_SPI_DisableDMAReq_TX
                0x00000000080015b8       0x20 ./Core/Src/spi.o
 .text.LL_SPI_ReceiveData8
                0x00000000080015d8       0x1c ./Core/Src/spi.o
 .text.LL_SPI_TransmitData8
                0x00000000080015f4       0x24 ./Core/Src/spi.o
 .text.LL_GPIO_ResetOutputPin
                0x0000000008001618       0x1c ./Core/Src/spi.o
 .text.MX_SPI3_Init
                0x0000000008001634      0x154 ./Core/Src/spi.o
                0x0000000008001634                MX_SPI3_Init
 .text.SPI_Enable_DMA_Rx_Request
                0x0000000008001788       0x16 ./Core/Src/spi.o
                0x0000000008001788                SPI_Enable_DMA_Rx_Request
 .text.SPI_Enable_DMA_Tx_Request
                0x000000000800179e       0x16 ./Core/Src/spi.o
                0x000000000800179e                SPI_Enable_DMA_Tx_Request
 .text.SPI_Disable_DMA_Requests
                0x00000000080017b4       0x1c ./Core/Src/spi.o
                0x00000000080017b4                SPI_Disable_DMA_Requests
 .text.SPI_Enable_RXNE_TXE_Interrupts
                0x00000000080017d0       0x1c ./Core/Src/spi.o
                0x00000000080017d0                SPI_Enable_RXNE_TXE_Interrupts
 .text.SPI_Start_Transfer
                0x00000000080017ec       0x20 ./Core/Src/spi.o
                0x00000000080017ec                SPI_Start_Transfer
 .text.SPI_TransmitReceive
                0x000000000800180c       0x9e ./Core/Src/spi.o
                0x000000000800180c                SPI_TransmitReceive
 .text.SPI_Disable
                0x00000000080018aa       0x32 ./Core/Src/spi.o
                0x00000000080018aa                SPI_Disable
 .text.LL_EXTI_IsActiveFlag_0_31
                0x00000000080018dc       0x2c ./Core/Src/stm32l4xx_it.o
 .text.LL_EXTI_ClearFlag_0_31
                0x0000000008001908       0x20 ./Core/Src/stm32l4xx_it.o
 .text.NMI_Handler
                0x0000000008001928        0x6 ./Core/Src/stm32l4xx_it.o
                0x0000000008001928                NMI_Handler
 .text.HardFault_Handler
                0x000000000800192e        0x6 ./Core/Src/stm32l4xx_it.o
                0x000000000800192e                HardFault_Handler
 .text.MemManage_Handler
                0x0000000008001934        0x6 ./Core/Src/stm32l4xx_it.o
                0x0000000008001934                MemManage_Handler
 .text.BusFault_Handler
                0x000000000800193a        0x6 ./Core/Src/stm32l4xx_it.o
                0x000000000800193a                BusFault_Handler
 .text.UsageFault_Handler
                0x0000000008001940        0x6 ./Core/Src/stm32l4xx_it.o
                0x0000000008001940                UsageFault_Handler
 .text.SVC_Handler
                0x0000000008001946        0xe ./Core/Src/stm32l4xx_it.o
                0x0000000008001946                SVC_Handler
 .text.DebugMon_Handler
                0x0000000008001954        0xe ./Core/Src/stm32l4xx_it.o
                0x0000000008001954                DebugMon_Handler
 .text.PendSV_Handler
                0x0000000008001962        0xe ./Core/Src/stm32l4xx_it.o
                0x0000000008001962                PendSV_Handler
 .text.SysTick_Handler
                0x0000000008001970        0xe ./Core/Src/stm32l4xx_it.o
                0x0000000008001970                SysTick_Handler
 .text.EXTI4_IRQHandler
                0x000000000800197e       0x1e ./Core/Src/stm32l4xx_it.o
                0x000000000800197e                EXTI4_IRQHandler
 .text.DMA2_Channel1_IRQHandler
                0x000000000800199c        0xc ./Core/Src/stm32l4xx_it.o
                0x000000000800199c                DMA2_Channel1_IRQHandler
 .text.DMA2_Channel2_IRQHandler
                0x00000000080019a8        0xc ./Core/Src/stm32l4xx_it.o
                0x00000000080019a8                DMA2_Channel2_IRQHandler
 .text.SystemInit
                0x00000000080019b4       0x24 ./Core/Src/system_stm32l4xx.o
                0x00000000080019b4                SystemInit
 .text.LL_APB1_GRP1_EnableClock
                0x00000000080019d8       0x30 ./Core/Src/tim.o
 .text.LL_TIM_DisableARRPreload
                0x0000000008001a08       0x20 ./Core/Src/tim.o
 .text.LL_TIM_SetClockSource
                0x0000000008001a28       0x2a ./Core/Src/tim.o
 .text.LL_TIM_SetTriggerOutput
                0x0000000008001a52       0x26 ./Core/Src/tim.o
 .text.LL_TIM_DisableMasterSlaveMode
                0x0000000008001a78       0x20 ./Core/Src/tim.o
 .text.MX_TIM2_Init
                0x0000000008001a98       0x62 ./Core/Src/tim.o
                0x0000000008001a98                MX_TIM2_Init
 *fill*         0x0000000008001afa        0x2 
 .text.Reset_Handler
                0x0000000008001afc       0x50 ./Core/Startup/startup_stm32l471vgtx.o
                0x0000000008001afc                Reset_Handler
 .text.Default_Handler
                0x0000000008001b4c        0x2 ./Core/Startup/startup_stm32l471vgtx.o
                0x0000000008001b4c                RTC_Alarm_IRQHandler
                0x0000000008001b4c                EXTI2_IRQHandler
                0x0000000008001b4c                TIM8_TRG_COM_IRQHandler
                0x0000000008001b4c                TIM8_CC_IRQHandler
                0x0000000008001b4c                TIM1_CC_IRQHandler
                0x0000000008001b4c                TSC_IRQHandler
                0x0000000008001b4c                TAMP_STAMP_IRQHandler
                0x0000000008001b4c                EXTI3_IRQHandler
                0x0000000008001b4c                LPTIM2_IRQHandler
                0x0000000008001b4c                DFSDM1_FLT1_IRQHandler
                0x0000000008001b4c                I2C3_ER_IRQHandler
                0x0000000008001b4c                DFSDM1_FLT2_IRQHandler
                0x0000000008001b4c                EXTI0_IRQHandler
                0x0000000008001b4c                I2C2_EV_IRQHandler
                0x0000000008001b4c                CAN1_RX0_IRQHandler
                0x0000000008001b4c                FPU_IRQHandler
                0x0000000008001b4c                TIM1_UP_TIM16_IRQHandler
                0x0000000008001b4c                ADC1_2_IRQHandler
                0x0000000008001b4c                SPI1_IRQHandler
                0x0000000008001b4c                TIM6_DAC_IRQHandler
                0x0000000008001b4c                TIM8_UP_IRQHandler
                0x0000000008001b4c                DMA1_Channel4_IRQHandler
                0x0000000008001b4c                SAI2_IRQHandler
                0x0000000008001b4c                DFSDM1_FLT3_IRQHandler
                0x0000000008001b4c                USART3_IRQHandler
                0x0000000008001b4c                DMA1_Channel7_IRQHandler
                0x0000000008001b4c                CAN1_RX1_IRQHandler
                0x0000000008001b4c                UART5_IRQHandler
                0x0000000008001b4c                ADC3_IRQHandler
                0x0000000008001b4c                TIM4_IRQHandler
                0x0000000008001b4c                QUADSPI_IRQHandler
                0x0000000008001b4c                I2C1_EV_IRQHandler
                0x0000000008001b4c                DMA1_Channel6_IRQHandler
                0x0000000008001b4c                UART4_IRQHandler
                0x0000000008001b4c                DMA2_Channel4_IRQHandler
                0x0000000008001b4c                TIM3_IRQHandler
                0x0000000008001b4c                RCC_IRQHandler
                0x0000000008001b4c                DMA1_Channel1_IRQHandler
                0x0000000008001b4c                Default_Handler
                0x0000000008001b4c                DMA2_Channel7_IRQHandler
                0x0000000008001b4c                EXTI15_10_IRQHandler
                0x0000000008001b4c                TIM7_IRQHandler
                0x0000000008001b4c                SDMMC1_IRQHandler
                0x0000000008001b4c                TIM5_IRQHandler
                0x0000000008001b4c                I2C3_EV_IRQHandler
                0x0000000008001b4c                EXTI9_5_IRQHandler
                0x0000000008001b4c                RTC_WKUP_IRQHandler
                0x0000000008001b4c                PVD_PVM_IRQHandler
                0x0000000008001b4c                SPI2_IRQHandler
                0x0000000008001b4c                CAN1_TX_IRQHandler
                0x0000000008001b4c                DMA2_Channel5_IRQHandler
                0x0000000008001b4c                DMA1_Channel5_IRQHandler
                0x0000000008001b4c                RNG_IRQHandler
                0x0000000008001b4c                TIM1_TRG_COM_TIM17_IRQHandler
                0x0000000008001b4c                DMA1_Channel3_IRQHandler
                0x0000000008001b4c                COMP_IRQHandler
                0x0000000008001b4c                WWDG_IRQHandler
                0x0000000008001b4c                LPUART1_IRQHandler
                0x0000000008001b4c                DMA2_Channel6_IRQHandler
                0x0000000008001b4c                TIM2_IRQHandler
                0x0000000008001b4c                EXTI1_IRQHandler
                0x0000000008001b4c                USART2_IRQHandler
                0x0000000008001b4c                DFSDM1_FLT0_IRQHandler
                0x0000000008001b4c                I2C2_ER_IRQHandler
                0x0000000008001b4c                DMA1_Channel2_IRQHandler
                0x0000000008001b4c                TIM8_BRK_IRQHandler
                0x0000000008001b4c                CAN1_SCE_IRQHandler
                0x0000000008001b4c                FLASH_IRQHandler
                0x0000000008001b4c                USART1_IRQHandler
                0x0000000008001b4c                SPI3_IRQHandler
                0x0000000008001b4c                I2C1_ER_IRQHandler
                0x0000000008001b4c                FMC_IRQHandler
                0x0000000008001b4c                SWPMI1_IRQHandler
                0x0000000008001b4c                LPTIM1_IRQHandler
                0x0000000008001b4c                SAI1_IRQHandler
                0x0000000008001b4c                DMA2_Channel3_IRQHandler
                0x0000000008001b4c                TIM1_BRK_TIM15_IRQHandler
 *fill*         0x0000000008001b4e        0x2 
 .text.LL_EXTI_EnableIT_0_31
                0x0000000008001b50       0x24 ./Drivers/STM32L4xx_HAL_Driver/Src/stm32l4xx_ll_exti.o
 .text.LL_EXTI_EnableIT_32_63
                0x0000000008001b74       0x24 ./Drivers/STM32L4xx_HAL_Driver/Src/stm32l4xx_ll_exti.o
 .text.LL_EXTI_DisableIT_0_31
                0x0000000008001b98       0x28 ./Drivers/STM32L4xx_HAL_Driver/Src/stm32l4xx_ll_exti.o
 .text.LL_EXTI_DisableIT_32_63
                0x0000000008001bc0       0x28 ./Drivers/STM32L4xx_HAL_Driver/Src/stm32l4xx_ll_exti.o
 .text.LL_EXTI_EnableEvent_0_31
                0x0000000008001be8       0x24 ./Drivers/STM32L4xx_HAL_Driver/Src/stm32l4xx_ll_exti.o
 .text.LL_EXTI_EnableEvent_32_63
                0x0000000008001c0c       0x24 ./Drivers/STM32L4xx_HAL_Driver/Src/stm32l4xx_ll_exti.o
 .text.LL_EXTI_DisableEvent_0_31
                0x0000000008001c30       0x28 ./Drivers/STM32L4xx_HAL_Driver/Src/stm32l4xx_ll_exti.o
 .text.LL_EXTI_DisableEvent_32_63
                0x0000000008001c58       0x28 ./Drivers/STM32L4xx_HAL_Driver/Src/stm32l4xx_ll_exti.o
 .text.LL_EXTI_EnableRisingTrig_0_31
                0x0000000008001c80       0x24 ./Drivers/STM32L4xx_HAL_Driver/Src/stm32l4xx_ll_exti.o
 .text.LL_EXTI_EnableRisingTrig_32_63
                0x0000000008001ca4       0x24 ./Drivers/STM32L4xx_HAL_Driver/Src/stm32l4xx_ll_exti.o
 .text.LL_EXTI_DisableRisingTrig_0_31
                0x0000000008001cc8       0x28 ./Drivers/STM32L4xx_HAL_Driver/Src/stm32l4xx_ll_exti.o
 .text.LL_EXTI_DisableRisingTrig_32_63
                0x0000000008001cf0       0x28 ./Drivers/STM32L4xx_HAL_Driver/Src/stm32l4xx_ll_exti.o
 .text.LL_EXTI_EnableFallingTrig_0_31
                0x0000000008001d18       0x24 ./Drivers/STM32L4xx_HAL_Driver/Src/stm32l4xx_ll_exti.o
 .text.LL_EXTI_EnableFallingTrig_32_63
                0x0000000008001d3c       0x24 ./Drivers/STM32L4xx_HAL_Driver/Src/stm32l4xx_ll_exti.o
 .text.LL_EXTI_DisableFallingTrig_0_31
                0x0000000008001d60       0x28 ./Drivers/STM32L4xx_HAL_Driver/Src/stm32l4xx_ll_exti.o
 .text.LL_EXTI_DisableFallingTrig_32_63
                0x0000000008001d88       0x28 ./Drivers/STM32L4xx_HAL_Driver/Src/stm32l4xx_ll_exti.o
 .text.LL_EXTI_Init
                0x0000000008001db0      0x1ee ./Drivers/STM32L4xx_HAL_Driver/Src/stm32l4xx_ll_exti.o
                0x0000000008001db0                LL_EXTI_Init
 .text.LL_GPIO_SetPinMode
                0x0000000008001f9e       0x7a ./Drivers/STM32L4xx_HAL_Driver/Src/stm32l4xx_ll_gpio.o
 .text.LL_GPIO_SetPinOutputType
                0x0000000008002018       0x30 ./Drivers/STM32L4xx_HAL_Driver/Src/stm32l4xx_ll_gpio.o
 .text.LL_GPIO_SetPinSpeed
                0x0000000008002048       0x7a ./Drivers/STM32L4xx_HAL_Driver/Src/stm32l4xx_ll_gpio.o
 .text.LL_GPIO_SetPinPull
                0x00000000080020c2       0x7a ./Drivers/STM32L4xx_HAL_Driver/Src/stm32l4xx_ll_gpio.o
 .text.LL_GPIO_SetAFPin_0_7
                0x000000000800213c       0x7a ./Drivers/STM32L4xx_HAL_Driver/Src/stm32l4xx_ll_gpio.o
 .text.LL_GPIO_SetAFPin_8_15
                0x00000000080021b6       0x7e ./Drivers/STM32L4xx_HAL_Driver/Src/stm32l4xx_ll_gpio.o
 .text.LL_GPIO_Init
                0x0000000008002234       0xdc ./Drivers/STM32L4xx_HAL_Driver/Src/stm32l4xx_ll_gpio.o
                0x0000000008002234                LL_GPIO_Init
 .text.LL_SPI_IsEnabled
                0x0000000008002310       0x26 ./Drivers/STM32L4xx_HAL_Driver/Src/stm32l4xx_ll_spi.o
 .text.LL_SPI_SetRxFIFOThreshold
                0x0000000008002336       0x26 ./Drivers/STM32L4xx_HAL_Driver/Src/stm32l4xx_ll_spi.o
 .text.LL_SPI_SetCRCPolynomial
                0x000000000800235c       0x20 ./Drivers/STM32L4xx_HAL_Driver/Src/stm32l4xx_ll_spi.o
 .text.LL_SPI_Init
                0x000000000800237c       0xb0 ./Drivers/STM32L4xx_HAL_Driver/Src/stm32l4xx_ll_spi.o
                0x000000000800237c                LL_SPI_Init
 .text.LL_TIM_SetPrescaler
                0x000000000800242c       0x1c ./Drivers/STM32L4xx_HAL_Driver/Src/stm32l4xx_ll_tim.o
 .text.LL_TIM_SetAutoReload
                0x0000000008002448       0x1c ./Drivers/STM32L4xx_HAL_Driver/Src/stm32l4xx_ll_tim.o
 .text.LL_TIM_SetRepetitionCounter
                0x0000000008002464       0x1c ./Drivers/STM32L4xx_HAL_Driver/Src/stm32l4xx_ll_tim.o
 .text.LL_TIM_GenerateEvent_UPDATE
                0x0000000008002480       0x20 ./Drivers/STM32L4xx_HAL_Driver/Src/stm32l4xx_ll_tim.o
 .text.LL_TIM_Init
                0x00000000080024a0      0x128 ./Drivers/STM32L4xx_HAL_Driver/Src/stm32l4xx_ll_tim.o
                0x00000000080024a0                LL_TIM_Init
 .text.LL_InitTick
                0x00000000080025c8       0x34 ./Drivers/STM32L4xx_HAL_Driver/Src/stm32l4xx_ll_utils.o
 .text.LL_Init1msTick
                0x00000000080025fc       0x1a ./Drivers/STM32L4xx_HAL_Driver/Src/stm32l4xx_ll_utils.o
                0x00000000080025fc                LL_Init1msTick
 *fill*         0x0000000008002616        0x2 
 .text.LL_SetSystemCoreClock
                0x0000000008002618       0x20 ./Drivers/STM32L4xx_HAL_Driver/Src/stm32l4xx_ll_utils.o
                0x0000000008002618                LL_SetSystemCoreClock
 .text.__libc_init_array
                0x0000000008002638       0x48 /opt/st/stm32cubeide_1.9.0/plugins/com.st.stm32cube.ide.mcu.externaltools.gnu-tools-for-stm32.10.3-2021.10.linux64_1.0.0.202111181127/tools/bin/../lib/gcc/arm-none-eabi/10.3.1/../../../../arm-none-eabi/lib/thumb/v7e-m+fp/hard/libc_nano.a(lib_a-init.o)
                0x0000000008002638                __libc_init_array
 .text.memset   0x0000000008002680       0x10 /opt/st/stm32cubeide_1.9.0/plugins/com.st.stm32cube.ide.mcu.externaltools.gnu-tools-for-stm32.10.3-2021.10.linux64_1.0.0.202111181127/tools/bin/../lib/gcc/arm-none-eabi/10.3.1/../../../../arm-none-eabi/lib/thumb/v7e-m+fp/hard/libc_nano.a(lib_a-memset.o)
                0x0000000008002680                memset
 *(.glue_7)
 .glue_7        0x0000000008002690        0x0 linker stubs
 *(.glue_7t)
 .glue_7t       0x0000000008002690        0x0 linker stubs
 *(.eh_frame)
 .eh_frame      0x0000000008002690        0x0 /opt/st/stm32cubeide_1.9.0/plugins/com.st.stm32cube.ide.mcu.externaltools.gnu-tools-for-stm32.10.3-2021.10.linux64_1.0.0.202111181127/tools/bin/../lib/gcc/arm-none-eabi/10.3.1/thumb/v7e-m+fp/hard/crtbegin.o
 *(.init)
 .init          0x0000000008002690        0x4 /opt/st/stm32cubeide_1.9.0/plugins/com.st.stm32cube.ide.mcu.externaltools.gnu-tools-for-stm32.10.3-2021.10.linux64_1.0.0.202111181127/tools/bin/../lib/gcc/arm-none-eabi/10.3.1/thumb/v7e-m+fp/hard/crti.o
                0x0000000008002690                _init
 .init          0x0000000008002694        0x8 /opt/st/stm32cubeide_1.9.0/plugins/com.st.stm32cube.ide.mcu.externaltools.gnu-tools-for-stm32.10.3-2021.10.linux64_1.0.0.202111181127/tools/bin/../lib/gcc/arm-none-eabi/10.3.1/thumb/v7e-m+fp/hard/crtn.o
 *(.fini)
 .fini          0x000000000800269c        0x4 /opt/st/stm32cubeide_1.9.0/plugins/com.st.stm32cube.ide.mcu.externaltools.gnu-tools-for-stm32.10.3-2021.10.linux64_1.0.0.202111181127/tools/bin/../lib/gcc/arm-none-eabi/10.3.1/thumb/v7e-m+fp/hard/crti.o
                0x000000000800269c                _fini
 .fini          0x00000000080026a0        0x8 /opt/st/stm32cubeide_1.9.0/plugins/com.st.stm32cube.ide.mcu.externaltools.gnu-tools-for-stm32.10.3-2021.10.linux64_1.0.0.202111181127/tools/bin/../lib/gcc/arm-none-eabi/10.3.1/thumb/v7e-m+fp/hard/crtn.o
                0x00000000080026a8                . = ALIGN (0x4)
                0x00000000080026a8                _etext = .

.vfp11_veneer   0x00000000080026a8        0x0
 .vfp11_veneer  0x00000000080026a8        0x0 linker stubs

.v4_bx          0x00000000080026a8        0x0
 .v4_bx         0x00000000080026a8        0x0 linker stubs

.iplt           0x00000000080026a8        0x0
 .iplt          0x00000000080026a8        0x0 /opt/st/stm32cubeide_1.9.0/plugins/com.st.stm32cube.ide.mcu.externaltools.gnu-tools-for-stm32.10.3-2021.10.linux64_1.0.0.202111181127/tools/bin/../lib/gcc/arm-none-eabi/10.3.1/thumb/v7e-m+fp/hard/crtbegin.o

.rodata         0x00000000080026a8       0x10
                0x00000000080026a8                . = ALIGN (0x4)
 *(.rodata)
 *(.rodata*)
 .rodata.CHANNEL_OFFSET_TAB
                0x00000000080026a8        0x7 ./Core/Src/dma.o
 *fill*         0x00000000080026af        0x1 
 .rodata.CHANNEL_OFFSET_TAB
                0x00000000080026b0        0x7 ./Core/Src/spi.o
                0x00000000080026b8                . = ALIGN (0x4)
 *fill*         0x00000000080026b7        0x1 

.rel.dyn        0x00000000080026b8        0x0
 .rel.iplt      0x00000000080026b8        0x0 /opt/st/stm32cubeide_1.9.0/plugins/com.st.stm32cube.ide.mcu.externaltools.gnu-tools-for-stm32.10.3-2021.10.linux64_1.0.0.202111181127/tools/bin/../lib/gcc/arm-none-eabi/10.3.1/thumb/v7e-m+fp/hard/crtbegin.o

.ARM.extab      0x00000000080026b8        0x0
                0x00000000080026b8                . = ALIGN (0x4)
 *(.ARM.extab* .gnu.linkonce.armextab.*)
                0x00000000080026b8                . = ALIGN (0x4)

.ARM            0x00000000080026b8        0x0
                0x00000000080026b8                . = ALIGN (0x4)
                0x00000000080026b8                __exidx_start = .
 *(.ARM.exidx*)
                0x00000000080026b8                __exidx_end = .
                0x00000000080026b8                . = ALIGN (0x4)

.preinit_array  0x00000000080026b8        0x0
                0x00000000080026b8                . = ALIGN (0x4)
                0x00000000080026b8                PROVIDE (__preinit_array_start = .)
 *(.preinit_array*)
                0x00000000080026b8                PROVIDE (__preinit_array_end = .)
                0x00000000080026b8                . = ALIGN (0x4)

.init_array     0x00000000080026b8        0x4
                0x00000000080026b8                . = ALIGN (0x4)
                0x00000000080026b8                PROVIDE (__init_array_start = .)
 *(SORT_BY_NAME(.init_array.*))
 *(.init_array*)
 .init_array    0x00000000080026b8        0x4 /opt/st/stm32cubeide_1.9.0/plugins/com.st.stm32cube.ide.mcu.externaltools.gnu-tools-for-stm32.10.3-2021.10.linux64_1.0.0.202111181127/tools/bin/../lib/gcc/arm-none-eabi/10.3.1/thumb/v7e-m+fp/hard/crtbegin.o
                0x00000000080026bc                PROVIDE (__init_array_end = .)
                0x00000000080026bc                . = ALIGN (0x4)

.fini_array     0x00000000080026bc        0x4
                0x00000000080026bc                . = ALIGN (0x4)
                [!provide]                        PROVIDE (__fini_array_start = .)
 *(SORT_BY_NAME(.fini_array.*))
 *(.fini_array*)
 .fini_array    0x00000000080026bc        0x4 /opt/st/stm32cubeide_1.9.0/plugins/com.st.stm32cube.ide.mcu.externaltools.gnu-tools-for-stm32.10.3-2021.10.linux64_1.0.0.202111181127/tools/bin/../lib/gcc/arm-none-eabi/10.3.1/thumb/v7e-m+fp/hard/crtbegin.o
                [!provide]                        PROVIDE (__fini_array_end = .)
                0x00000000080026c0                . = ALIGN (0x4)
                0x00000000080026c0                _sidata = LOADADDR (.data)

.data           0x0000000020000000        0x4 load address 0x00000000080026c0
                0x0000000020000000                . = ALIGN (0x4)
                0x0000000020000000                _sdata = .
 *(.data)
 *(.data*)
 .data.SystemCoreClock
                0x0000000020000000        0x4 ./Core/Src/system_stm32l4xx.o
                0x0000000020000000                SystemCoreClock
 *(.RamFunc)
 *(.RamFunc*)
                0x0000000020000004                . = ALIGN (0x4)
                0x0000000020000004                _edata = .

.igot.plt       0x0000000020000004        0x0 load address 0x00000000080026c4
 .igot.plt      0x0000000020000004        0x0 /opt/st/stm32cubeide_1.9.0/plugins/com.st.stm32cube.ide.mcu.externaltools.gnu-tools-for-stm32.10.3-2021.10.linux64_1.0.0.202111181127/tools/bin/../lib/gcc/arm-none-eabi/10.3.1/thumb/v7e-m+fp/hard/crtbegin.o
                0x0000000020000004                . = ALIGN (0x4)

.bss            0x0000000020000004     0x3c4c load address 0x00000000080026c4
                0x0000000020000004                _sbss = .
                0x0000000020000004                __bss_start__ = _sbss
 *(.bss)
 .bss           0x0000000020000004       0x1c /opt/st/stm32cubeide_1.9.0/plugins/com.st.stm32cube.ide.mcu.externaltools.gnu-tools-for-stm32.10.3-2021.10.linux64_1.0.0.202111181127/tools/bin/../lib/gcc/arm-none-eabi/10.3.1/thumb/v7e-m+fp/hard/crtbegin.o
 *(.bss*)
 .bss.current_sample_count
                0x0000000020000020        0x2 ./Core/Src/ads131m08.o
                0x0000000020000020                current_sample_count
 .bss.drdy_it_initialized
                0x0000000020000022        0x1 ./Core/Src/ads131m08.o
                0x0000000020000022                drdy_it_initialized
 *fill*         0x0000000020000023        0x1 
 .bss.samples   0x0000000020000024        0x4 ./Core/Src/ads131m08.o
                0x0000000020000024                samples
 .bss.dummy_bytes
                0x0000000020000028       0x1e ./Core/Src/ads131m08.o
                0x0000000020000028                dummy_bytes
 *fill*         0x0000000020000046        0x2 
 .bss.ads131m08
                0x0000000020000048        0x4 ./Core/Src/ads131m08.o
                0x0000000020000048                ads131m08
 .bss.samples_array.0
                0x000000002000004c     0x3c00 ./Core/Src/ads131m08.o
 .bss.tc        0x0000000020003c4c        0x1 ./Core/Src/dma.o
                0x0000000020003c4c                tc
 *(COMMON)
                0x0000000020003c50                . = ALIGN (0x4)
 *fill*         0x0000000020003c4d        0x3 
                0x0000000020003c50                _ebss = .
                0x0000000020003c50                __bss_end__ = _ebss

._user_heap_stack
                0x0000000020003c50      0x600 load address 0x00000000080026c4
                0x0000000020003c50                . = ALIGN (0x8)
                [!provide]                        PROVIDE (end = .)
                0x0000000020003c50                PROVIDE (_end = .)
                0x0000000020003e50                . = (. + _Min_Heap_Size)
 *fill*         0x0000000020003c50      0x200 
                0x0000000020004250                . = (. + _Min_Stack_Size)
 *fill*         0x0000000020003e50      0x400 
                0x0000000020004250                . = ALIGN (0x8)

/DISCARD/
 libc.a(*)
 libm.a(*)
 libgcc.a(*)

.ARM.attributes
                0x0000000000000000       0x30
 *(.ARM.attributes)
 .ARM.attributes
                0x0000000000000000       0x1e /opt/st/stm32cubeide_1.9.0/plugins/com.st.stm32cube.ide.mcu.externaltools.gnu-tools-for-stm32.10.3-2021.10.linux64_1.0.0.202111181127/tools/bin/../lib/gcc/arm-none-eabi/10.3.1/thumb/v7e-m+fp/hard/crti.o
 .ARM.attributes
                0x000000000000001e       0x34 /opt/st/stm32cubeide_1.9.0/plugins/com.st.stm32cube.ide.mcu.externaltools.gnu-tools-for-stm32.10.3-2021.10.linux64_1.0.0.202111181127/tools/bin/../lib/gcc/arm-none-eabi/10.3.1/thumb/v7e-m+fp/hard/crtbegin.o
 .ARM.attributes
                0x0000000000000052       0x34 ./Core/Src/ads131m08.o
 .ARM.attributes
                0x0000000000000086       0x34 ./Core/Src/dma.o
 .ARM.attributes
                0x00000000000000ba       0x34 ./Core/Src/gpio.o
 .ARM.attributes
                0x00000000000000ee       0x34 ./Core/Src/main.o
 .ARM.attributes
                0x0000000000000122       0x34 ./Core/Src/spi.o
 .ARM.attributes
                0x0000000000000156       0x34 ./Core/Src/stm32l4xx_it.o
 .ARM.attributes
                0x000000000000018a       0x34 ./Core/Src/system_stm32l4xx.o
 .ARM.attributes
                0x00000000000001be       0x34 ./Core/Src/tim.o
 .ARM.attributes
                0x00000000000001f2       0x21 ./Core/Startup/startup_stm32l471vgtx.o
 .ARM.attributes
                0x0000000000000213       0x34 ./Drivers/STM32L4xx_HAL_Driver/Src/stm32l4xx_ll_exti.o
 .ARM.attributes
                0x0000000000000247       0x34 ./Drivers/STM32L4xx_HAL_Driver/Src/stm32l4xx_ll_gpio.o
 .ARM.attributes
                0x000000000000027b       0x34 ./Drivers/STM32L4xx_HAL_Driver/Src/stm32l4xx_ll_spi.o
 .ARM.attributes
                0x00000000000002af       0x34 ./Drivers/STM32L4xx_HAL_Driver/Src/stm32l4xx_ll_tim.o
 .ARM.attributes
                0x00000000000002e3       0x34 ./Drivers/STM32L4xx_HAL_Driver/Src/stm32l4xx_ll_utils.o
 .ARM.attributes
                0x0000000000000317       0x34 /opt/st/stm32cubeide_1.9.0/plugins/com.st.stm32cube.ide.mcu.externaltools.gnu-tools-for-stm32.10.3-2021.10.linux64_1.0.0.202111181127/tools/bin/../lib/gcc/arm-none-eabi/10.3.1/../../../../arm-none-eabi/lib/thumb/v7e-m+fp/hard/libc_nano.a(lib_a-init.o)
 .ARM.attributes
                0x000000000000034b       0x34 /opt/st/stm32cubeide_1.9.0/plugins/com.st.stm32cube.ide.mcu.externaltools.gnu-tools-for-stm32.10.3-2021.10.linux64_1.0.0.202111181127/tools/bin/../lib/gcc/arm-none-eabi/10.3.1/../../../../arm-none-eabi/lib/thumb/v7e-m+fp/hard/libc_nano.a(lib_a-memset.o)
 .ARM.attributes
                0x000000000000037f       0x1e /opt/st/stm32cubeide_1.9.0/plugins/com.st.stm32cube.ide.mcu.externaltools.gnu-tools-for-stm32.10.3-2021.10.linux64_1.0.0.202111181127/tools/bin/../lib/gcc/arm-none-eabi/10.3.1/thumb/v7e-m+fp/hard/crtn.o
OUTPUT(fersat_pdh.elf elf32-littlearm)
LOAD linker stubs
LOAD /opt/st/stm32cubeide_1.9.0/plugins/com.st.stm32cube.ide.mcu.externaltools.gnu-tools-for-stm32.10.3-2021.10.linux64_1.0.0.202111181127/tools/bin/../lib/gcc/arm-none-eabi/10.3.1/../../../../arm-none-eabi/lib/thumb/v7e-m+fp/hard/libc.a
LOAD /opt/st/stm32cubeide_1.9.0/plugins/com.st.stm32cube.ide.mcu.externaltools.gnu-tools-for-stm32.10.3-2021.10.linux64_1.0.0.202111181127/tools/bin/../lib/gcc/arm-none-eabi/10.3.1/../../../../arm-none-eabi/lib/thumb/v7e-m+fp/hard/libm.a
LOAD /opt/st/stm32cubeide_1.9.0/plugins/com.st.stm32cube.ide.mcu.externaltools.gnu-tools-for-stm32.10.3-2021.10.linux64_1.0.0.202111181127/tools/bin/../lib/gcc/arm-none-eabi/10.3.1/thumb/v7e-m+fp/hard/libgcc.a

.debug_info     0x0000000000000000     0x8e7d
 .debug_info    0x0000000000000000      0x9f7 ./Core/Src/ads131m08.o
 .debug_info    0x00000000000009f7      0xf9b ./Core/Src/dma.o
 .debug_info    0x0000000000001992      0xf30 ./Core/Src/gpio.o
 .debug_info    0x00000000000028c2     0x1341 ./Core/Src/main.o
 .debug_info    0x0000000000003c03      0xf07 ./Core/Src/spi.o
 .debug_info    0x0000000000004b0a      0x397 ./Core/Src/stm32l4xx_it.o
 .debug_info    0x0000000000004ea1      0x5bf ./Core/Src/system_stm32l4xx.o
 .debug_info    0x0000000000005460      0x6c7 ./Core/Src/tim.o
 .debug_info    0x0000000000005b27       0x22 ./Core/Startup/startup_stm32l471vgtx.o
 .debug_info    0x0000000000005b49      0x513 ./Drivers/STM32L4xx_HAL_Driver/Src/stm32l4xx_ll_exti.o
 .debug_info    0x000000000000605c      0xa01 ./Drivers/STM32L4xx_HAL_Driver/Src/stm32l4xx_ll_gpio.o
 .debug_info    0x0000000000006a5d      0x5f4 ./Drivers/STM32L4xx_HAL_Driver/Src/stm32l4xx_ll_spi.o
 .debug_info    0x0000000000007051     0x1195 ./Drivers/STM32L4xx_HAL_Driver/Src/stm32l4xx_ll_tim.o
 .debug_info    0x00000000000081e6      0xc97 ./Drivers/STM32L4xx_HAL_Driver/Src/stm32l4xx_ll_utils.o

.debug_abbrev   0x0000000000000000     0x1970
 .debug_abbrev  0x0000000000000000      0x22c ./Core/Src/ads131m08.o
 .debug_abbrev  0x000000000000022c      0x215 ./Core/Src/dma.o
 .debug_abbrev  0x0000000000000441      0x27f ./Core/Src/gpio.o
 .debug_abbrev  0x00000000000006c0      0x2c4 ./Core/Src/main.o
 .debug_abbrev  0x0000000000000984      0x24d ./Core/Src/spi.o
 .debug_abbrev  0x0000000000000bd1      0x17b ./Core/Src/stm32l4xx_it.o
 .debug_abbrev  0x0000000000000d4c      0x116 ./Core/Src/system_stm32l4xx.o
 .debug_abbrev  0x0000000000000e62      0x180 ./Core/Src/tim.o
 .debug_abbrev  0x0000000000000fe2       0x12 ./Core/Startup/startup_stm32l471vgtx.o
 .debug_abbrev  0x0000000000000ff4      0x183 ./Drivers/STM32L4xx_HAL_Driver/Src/stm32l4xx_ll_exti.o
 .debug_abbrev  0x0000000000001177      0x223 ./Drivers/STM32L4xx_HAL_Driver/Src/stm32l4xx_ll_gpio.o
 .debug_abbrev  0x000000000000139a      0x17a ./Drivers/STM32L4xx_HAL_Driver/Src/stm32l4xx_ll_spi.o
 .debug_abbrev  0x0000000000001514      0x205 ./Drivers/STM32L4xx_HAL_Driver/Src/stm32l4xx_ll_tim.o
 .debug_abbrev  0x0000000000001719      0x257 ./Drivers/STM32L4xx_HAL_Driver/Src/stm32l4xx_ll_utils.o

.debug_aranges  0x0000000000000000      0x908
 .debug_aranges
                0x0000000000000000       0x68 ./Core/Src/ads131m08.o
 .debug_aranges
                0x0000000000000068       0xc8 ./Core/Src/dma.o
 .debug_aranges
                0x0000000000000130       0x68 ./Core/Src/gpio.o
 .debug_aranges
                0x0000000000000198      0x100 ./Core/Src/main.o
 .debug_aranges
                0x0000000000000298      0x130 ./Core/Src/spi.o
 .debug_aranges
                0x00000000000003c8       0xa0 ./Core/Src/stm32l4xx_it.o
 .debug_aranges
                0x0000000000000468       0x28 ./Core/Src/system_stm32l4xx.o
 .debug_aranges
                0x0000000000000490       0x48 ./Core/Src/tim.o
 .debug_aranges
                0x00000000000004d8       0x28 ./Core/Startup/startup_stm32l471vgtx.o
 .debug_aranges
                0x0000000000000500       0xb0 ./Drivers/STM32L4xx_HAL_Driver/Src/stm32l4xx_ll_exti.o
 .debug_aranges
                0x00000000000005b0       0x70 ./Drivers/STM32L4xx_HAL_Driver/Src/stm32l4xx_ll_gpio.o
 .debug_aranges
                0x0000000000000620       0x68 ./Drivers/STM32L4xx_HAL_Driver/Src/stm32l4xx_ll_spi.o
 .debug_aranges
                0x0000000000000688      0x148 ./Drivers/STM32L4xx_HAL_Driver/Src/stm32l4xx_ll_tim.o
 .debug_aranges
                0x00000000000007d0      0x138 ./Drivers/STM32L4xx_HAL_Driver/Src/stm32l4xx_ll_utils.o

.debug_ranges   0x0000000000000000      0x830
 .debug_ranges  0x0000000000000000       0x58 ./Core/Src/ads131m08.o
 .debug_ranges  0x0000000000000058       0xb8 ./Core/Src/dma.o
 .debug_ranges  0x0000000000000110       0x58 ./Core/Src/gpio.o
 .debug_ranges  0x0000000000000168       0xf0 ./Core/Src/main.o
 .debug_ranges  0x0000000000000258      0x120 ./Core/Src/spi.o
 .debug_ranges  0x0000000000000378       0x90 ./Core/Src/stm32l4xx_it.o
 .debug_ranges  0x0000000000000408       0x18 ./Core/Src/system_stm32l4xx.o
 .debug_ranges  0x0000000000000420       0x38 ./Core/Src/tim.o
 .debug_ranges  0x0000000000000458       0x20 ./Core/Startup/startup_stm32l471vgtx.o
 .debug_ranges  0x0000000000000478       0xa0 ./Drivers/STM32L4xx_HAL_Driver/Src/stm32l4xx_ll_exti.o
 .debug_ranges  0x0000000000000518       0x60 ./Drivers/STM32L4xx_HAL_Driver/Src/stm32l4xx_ll_gpio.o
 .debug_ranges  0x0000000000000578       0x58 ./Drivers/STM32L4xx_HAL_Driver/Src/stm32l4xx_ll_spi.o
 .debug_ranges  0x00000000000005d0      0x138 ./Drivers/STM32L4xx_HAL_Driver/Src/stm32l4xx_ll_tim.o
 .debug_ranges  0x0000000000000708      0x128 ./Drivers/STM32L4xx_HAL_Driver/Src/stm32l4xx_ll_utils.o

.debug_macro    0x0000000000000000    0x1dad6
 .debug_macro   0x0000000000000000      0x17d ./Core/Src/ads131m08.o
 .debug_macro   0x000000000000017d      0xac6 ./Core/Src/ads131m08.o
 .debug_macro   0x0000000000000c43       0x2e ./Core/Src/ads131m08.o
 .debug_macro   0x0000000000000c71       0x28 ./Core/Src/ads131m08.o
 .debug_macro   0x0000000000000c99       0x22 ./Core/Src/ads131m08.o
 .debug_macro   0x0000000000000cbb       0x8e ./Core/Src/ads131m08.o
 .debug_macro   0x0000000000000d49       0x51 ./Core/Src/ads131m08.o
 .debug_macro   0x0000000000000d9a      0x103 ./Core/Src/ads131m08.o
 .debug_macro   0x0000000000000e9d       0x6a ./Core/Src/ads131m08.o
 .debug_macro   0x0000000000000f07      0x1df ./Core/Src/ads131m08.o
 .debug_macro   0x00000000000010e6       0x1c ./Core/Src/ads131m08.o
 .debug_macro   0x0000000000001102       0x22 ./Core/Src/ads131m08.o
 .debug_macro   0x0000000000001124       0xfb ./Core/Src/ads131m08.o
 .debug_macro   0x000000000000121f     0x1011 ./Core/Src/ads131m08.o
 .debug_macro   0x0000000000002230      0x11f ./Core/Src/ads131m08.o
 .debug_macro   0x000000000000234f    0x1773f ./Core/Src/ads131m08.o
 .debug_macro   0x0000000000019a8e       0x6d ./Core/Src/ads131m08.o
 .debug_macro   0x0000000000019afb      0x2c5 ./Core/Src/ads131m08.o
 .debug_macro   0x0000000000019dc0      0x6f3 ./Core/Src/ads131m08.o
 .debug_macro   0x000000000001a4b3      0x1b2 ./Core/Src/ads131m08.o
 .debug_macro   0x000000000001a665      0x2f5 ./Core/Src/ads131m08.o
 .debug_macro   0x000000000001a95a      0x155 ./Core/Src/ads131m08.o
 .debug_macro   0x000000000001aaaf      0x1a6 ./Core/Src/ads131m08.o
 .debug_macro   0x000000000001ac55       0xa7 ./Core/Src/ads131m08.o
 .debug_macro   0x000000000001acfc      0x1fb ./Core/Src/ads131m08.o
 .debug_macro   0x000000000001aef7      0x1d2 ./Core/Src/ads131m08.o
 .debug_macro   0x000000000001b0c9      0x99e ./Core/Src/ads131m08.o
 .debug_macro   0x000000000001ba67      0x169 ./Core/Src/ads131m08.o
 .debug_macro   0x000000000001bbd0       0x52 ./Core/Src/ads131m08.o
 .debug_macro   0x000000000001bc22       0x3a ./Core/Src/ads131m08.o
 .debug_macro   0x000000000001bc5c      0x181 ./Core/Src/dma.o
 .debug_macro   0x000000000001bddd      0x15a ./Core/Src/gpio.o
 .debug_macro   0x000000000001bf37      0x197 ./Core/Src/main.o
 .debug_macro   0x000000000001c0ce      0x181 ./Core/Src/spi.o
 .debug_macro   0x000000000001c24f      0x15a ./Core/Src/stm32l4xx_it.o
 .debug_macro   0x000000000001c3a9       0xce ./Core/Src/system_stm32l4xx.o
 .debug_macro   0x000000000001c477      0x15a ./Core/Src/tim.o
 .debug_macro   0x000000000001c5d1       0xfb ./Drivers/STM32L4xx_HAL_Driver/Src/stm32l4xx_ll_exti.o
 .debug_macro   0x000000000001c6cc      0x14f ./Drivers/STM32L4xx_HAL_Driver/Src/stm32l4xx_ll_exti.o
 .debug_macro   0x000000000001c81b      0x110 ./Drivers/STM32L4xx_HAL_Driver/Src/stm32l4xx_ll_gpio.o
 .debug_macro   0x000000000001c92b      0x163 ./Drivers/STM32L4xx_HAL_Driver/Src/stm32l4xx_ll_gpio.o
 .debug_macro   0x000000000001ca8e      0x12e ./Drivers/STM32L4xx_HAL_Driver/Src/stm32l4xx_ll_spi.o
 .debug_macro   0x000000000001cbbc      0x1cc ./Drivers/STM32L4xx_HAL_Driver/Src/stm32l4xx_ll_spi.o
 .debug_macro   0x000000000001cd88      0x177 ./Drivers/STM32L4xx_HAL_Driver/Src/stm32l4xx_ll_tim.o
 .debug_macro   0x000000000001ceff      0x998 ./Drivers/STM32L4xx_HAL_Driver/Src/stm32l4xx_ll_tim.o
 .debug_macro   0x000000000001d897      0x19e ./Drivers/STM32L4xx_HAL_Driver/Src/stm32l4xx_ll_utils.o
 .debug_macro   0x000000000001da35       0xa1 ./Drivers/STM32L4xx_HAL_Driver/Src/stm32l4xx_ll_utils.o

.debug_line     0x0000000000000000     0x69b9
 .debug_line    0x0000000000000000      0x73d ./Core/Src/ads131m08.o
 .debug_line    0x000000000000073d      0x882 ./Core/Src/dma.o
 .debug_line    0x0000000000000fbf      0x7c8 ./Core/Src/gpio.o
 .debug_line    0x0000000000001787      0x9e8 ./Core/Src/main.o
 .debug_line    0x000000000000216f      0xa74 ./Core/Src/spi.o
 .debug_line    0x0000000000002be3      0x735 ./Core/Src/stm32l4xx_it.o
 .debug_line    0x0000000000003318      0x4d5 ./Core/Src/system_stm32l4xx.o
 .debug_line    0x00000000000037ed      0x61a ./Core/Src/tim.o
 .debug_line    0x0000000000003e07       0x88 ./Core/Startup/startup_stm32l471vgtx.o
 .debug_line    0x0000000000003e8f      0x6df ./Drivers/STM32L4xx_HAL_Driver/Src/stm32l4xx_ll_exti.o
 .debug_line    0x000000000000456e      0x788 ./Drivers/STM32L4xx_HAL_Driver/Src/stm32l4xx_ll_gpio.o
 .debug_line    0x0000000000004cf6      0x5e6 ./Drivers/STM32L4xx_HAL_Driver/Src/stm32l4xx_ll_spi.o
 .debug_line    0x00000000000052dc      0xbdb ./Drivers/STM32L4xx_HAL_Driver/Src/stm32l4xx_ll_tim.o
 .debug_line    0x0000000000005eb7      0xb02 ./Drivers/STM32L4xx_HAL_Driver/Src/stm32l4xx_ll_utils.o

.debug_str      0x0000000000000000    0xa31b5
 .debug_str     0x0000000000000000    0x9e4c0 ./Core/Src/ads131m08.o
                                      0x9e733 (size before relaxing)
 .debug_str     0x000000000009e4c0      0x3a3 ./Core/Src/dma.o
                                      0x9e959 (size before relaxing)
 .debug_str     0x000000000009e863      0x191 ./Core/Src/gpio.o
                                      0x9e7a2 (size before relaxing)
 .debug_str     0x000000000009e9f4      0x39b ./Core/Src/main.o
                                      0x9eb1f (size before relaxing)
 .debug_str     0x000000000009ed8f      0x31c ./Core/Src/spi.o
                                      0x9e609 (size before relaxing)
 .debug_str     0x000000000009f0ab      0x187 ./Core/Src/stm32l4xx_it.o
                                      0x9e015 (size before relaxing)
 .debug_str     0x000000000009f232       0x8e ./Core/Src/system_stm32l4xx.o
                                      0x8eae7 (size before relaxing)
 .debug_str     0x000000000009f2c0       0xdf ./Core/Src/tim.o
                                      0x9e121 (size before relaxing)
 .debug_str     0x000000000009f39f       0x6a ./Core/Startup/startup_stm32l471vgtx.o
 .debug_str     0x000000000009f409      0x450 ./Drivers/STM32L4xx_HAL_Driver/Src/stm32l4xx_ll_exti.o
                                      0x8f49b (size before relaxing)
 .debug_str     0x000000000009f859      0x624 ./Drivers/STM32L4xx_HAL_Driver/Src/stm32l4xx_ll_gpio.o
                                      0x90450 (size before relaxing)
 .debug_str     0x000000000009fe7d      0x997 ./Drivers/STM32L4xx_HAL_Driver/Src/stm32l4xx_ll_spi.o
                                      0x90b18 (size before relaxing)
 .debug_str     0x00000000000a0814     0x1b81 ./Drivers/STM32L4xx_HAL_Driver/Src/stm32l4xx_ll_tim.o
                                      0x96017 (size before relaxing)
 .debug_str     0x00000000000a2395      0xe20 ./Drivers/STM32L4xx_HAL_Driver/Src/stm32l4xx_ll_utils.o
                                      0x9569a (size before relaxing)

.comment        0x0000000000000000       0x50
 .comment       0x0000000000000000       0x50 ./Core/Src/ads131m08.o
                                         0x51 (size before relaxing)
 .comment       0x0000000000000050       0x51 ./Core/Src/dma.o
 .comment       0x0000000000000050       0x51 ./Core/Src/gpio.o
 .comment       0x0000000000000050       0x51 ./Core/Src/main.o
 .comment       0x0000000000000050       0x51 ./Core/Src/spi.o
 .comment       0x0000000000000050       0x51 ./Core/Src/stm32l4xx_it.o
 .comment       0x0000000000000050       0x51 ./Core/Src/system_stm32l4xx.o
 .comment       0x0000000000000050       0x51 ./Core/Src/tim.o
 .comment       0x0000000000000050       0x51 ./Drivers/STM32L4xx_HAL_Driver/Src/stm32l4xx_ll_exti.o
 .comment       0x0000000000000050       0x51 ./Drivers/STM32L4xx_HAL_Driver/Src/stm32l4xx_ll_gpio.o
 .comment       0x0000000000000050       0x51 ./Drivers/STM32L4xx_HAL_Driver/Src/stm32l4xx_ll_spi.o
 .comment       0x0000000000000050       0x51 ./Drivers/STM32L4xx_HAL_Driver/Src/stm32l4xx_ll_tim.o
 .comment       0x0000000000000050       0x51 ./Drivers/STM32L4xx_HAL_Driver/Src/stm32l4xx_ll_utils.o

.debug_frame    0x0000000000000000     0x24bc
 .debug_frame   0x0000000000000000      0x170 ./Core/Src/ads131m08.o
 .debug_frame   0x0000000000000170      0x340 ./Core/Src/dma.o
 .debug_frame   0x00000000000004b0      0x194 ./Core/Src/gpio.o
 .debug_frame   0x0000000000000644      0x440 ./Core/Src/main.o
 .debug_frame   0x0000000000000a84      0x56c ./Core/Src/spi.o
 .debug_frame   0x0000000000000ff0      0x20c ./Core/Src/stm32l4xx_it.o
 .debug_frame   0x00000000000011fc       0x58 ./Core/Src/system_stm32l4xx.o
 .debug_frame   0x0000000000001254       0xfc ./Core/Src/tim.o
 .debug_frame   0x0000000000001350      0x2fc ./Drivers/STM32L4xx_HAL_Driver/Src/stm32l4xx_ll_exti.o
 .debug_frame   0x000000000000164c      0x1c0 ./Drivers/STM32L4xx_HAL_Driver/Src/stm32l4xx_ll_gpio.o
 .debug_frame   0x000000000000180c      0x198 ./Drivers/STM32L4xx_HAL_Driver/Src/stm32l4xx_ll_spi.o
 .debug_frame   0x00000000000019a4      0x5d0 ./Drivers/STM32L4xx_HAL_Driver/Src/stm32l4xx_ll_tim.o
 .debug_frame   0x0000000000001f74      0x4fc ./Drivers/STM32L4xx_HAL_Driver/Src/stm32l4xx_ll_utils.o
 .debug_frame   0x0000000000002470       0x2c /opt/st/stm32cubeide_1.9.0/plugins/com.st.stm32cube.ide.mcu.externaltools.gnu-tools-for-stm32.10.3-2021.10.linux64_1.0.0.202111181127/tools/bin/../lib/gcc/arm-none-eabi/10.3.1/../../../../arm-none-eabi/lib/thumb/v7e-m+fp/hard/libc_nano.a(lib_a-init.o)
 .debug_frame   0x000000000000249c       0x20 /opt/st/stm32cubeide_1.9.0/plugins/com.st.stm32cube.ide.mcu.externaltools.gnu-tools-for-stm32.10.3-2021.10.linux64_1.0.0.202111181127/tools/bin/../lib/gcc/arm-none-eabi/10.3.1/../../../../arm-none-eabi/lib/thumb/v7e-m+fp/hard/libc_nano.a(lib_a-memset.o)
