../Drivers/CMSIS/Include/core_cm4.h:1667:26:__NVIC_GetPriorityGrouping	4	static
../Drivers/CMSIS/Include/core_cm4.h:1679:22:__NVIC_EnableIRQ	16	static,ignoring_inline_asm
../Drivers/CMSIS/Include/core_cm4.h:1809:22:__NVIC_SetPriority	16	static
../Drivers/CMSIS/Include/core_cm4.h:1856:26:NVIC_EncodePriority	40	static
../Drivers/STM32L4xx_HAL_Driver/Inc/stm32l4xx_ll_dma.h:552:22:LL_DMA_EnableChannel	24	static
../Drivers/STM32L4xx_HAL_Driver/Inc/stm32l4xx_ll_dma.h:572:22:LL_DMA_DisableChannel	24	static
../Drivers/STM32L4xx_HAL_Driver/Inc/stm32l4xx_ll_dma.h:996:22:LL_DMA_SetDataLength	32	static
../Drivers/STM32L4xx_HAL_Driver/Inc/stm32l4xx_ll_dma.h:1084:22:LL_DMA_SetMemoryAddress	32	static
../Drivers/STM32L4xx_HAL_Driver/Inc/stm32l4xx_ll_dma.h:1107:22:LL_DMA_SetPeriphAddress	32	static
../Drivers/STM32L4xx_HAL_Driver/Inc/stm32l4xx_ll_dma.h:1980:22:LL_DMA_ClearFlag_TC1	16	static
../Drivers/STM32L4xx_HAL_Driver/Inc/stm32l4xx_ll_dma.h:1991:22:LL_DMA_ClearFlag_TC2	16	static
../Drivers/STM32L4xx_HAL_Driver/Inc/stm32l4xx_ll_dma.h:2226:22:LL_DMA_EnableIT_TC	24	static
../Drivers/STM32L4xx_HAL_Driver/Inc/stm32l4xx_ll_bus.h:327:22:LL_AHB1_GRP1_EnableClock	24	static
../Drivers/STM32L4xx_HAL_Driver/Inc/stm32l4xx_ll_gpio.h:956:22:LL_GPIO_SetOutputPin	16	static
../Core/Src/dma.c:38:6:MX_DMA_Init	8	static
../Core/Src/dma.c:56:6:DMA_Channel_Init	24	static
../Core/Src/dma.c:62:6:DMA_Set_Channel_Data_Length	24	static
../Core/Src/dma.c:66:6:DMA_Reload_Memory_Address	24	static
../Core/Src/dma.c:70:6:DMA_Enable_CH1_CH2	16	static
../Core/Src/dma.c:75:6:DMA_Transfer_Complete_RX_interrupt_handler	8	static
../Core/Src/dma.c:87:6:DMA_Transfer_Complete_TX_interrupt_handler	8	static
../Core/Src/dma.c:100:6:DMA_Disable	16	static
