../Drivers/STM32L4xx_HAL_Driver/Inc/stm32l4xx_ll_dma.h:655:22:LL_DMA_SetDataTransferDirection	32	static
../Drivers/STM32L4xx_HAL_Driver/Inc/stm32l4xx_ll_dma.h:706:22:LL_DMA_SetMode	32	static
../Drivers/STM32L4xx_HAL_Driver/Inc/stm32l4xx_ll_dma.h:753:22:LL_DMA_SetPeriphIncMode	32	static
../Drivers/STM32L4xx_HAL_Driver/Inc/stm32l4xx_ll_dma.h:800:22:LL_DMA_SetMemoryIncMode	32	static
../Drivers/STM32L4xx_HAL_Driver/Inc/stm32l4xx_ll_dma.h:848:22:LL_DMA_SetPeriphSize	32	static
../Drivers/STM32L4xx_HAL_Driver/Inc/stm32l4xx_ll_dma.h:897:22:LL_DMA_SetMemorySize	32	static
../Drivers/STM32L4xx_HAL_Driver/Inc/stm32l4xx_ll_dma.h:947:22:LL_DMA_SetChannelPriorityLevel	32	static
../Drivers/STM32L4xx_HAL_Driver/Inc/stm32l4xx_ll_dma.h:1512:22:LL_DMA_SetPeriphRequest	40	static,ignoring_inline_asm
../Drivers/STM32L4xx_HAL_Driver/Inc/stm32l4xx_ll_bus.h:563:22:LL_AHB2_GRP1_EnableClock	24	static
../Drivers/STM32L4xx_HAL_Driver/Inc/stm32l4xx_ll_bus.h:1087:22:LL_APB1_GRP1_EnableClock	24	static
../Drivers/STM32L4xx_HAL_Driver/Inc/stm32l4xx_ll_spi.h:358:22:LL_SPI_Enable	16	static
../Drivers/STM32L4xx_HAL_Driver/Inc/stm32l4xx_ll_spi.h:370:22:LL_SPI_Disable	16	static
../Drivers/STM32L4xx_HAL_Driver/Inc/stm32l4xx_ll_spi.h:426:22:LL_SPI_SetStandard	16	static
../Drivers/STM32L4xx_HAL_Driver/Inc/stm32l4xx_ll_spi.h:455:22:LL_SPI_SetClockPhase	16	static
../Drivers/STM32L4xx_HAL_Driver/Inc/stm32l4xx_ll_spi.h:484:22:LL_SPI_SetClockPolarity	16	static
../Drivers/STM32L4xx_HAL_Driver/Inc/stm32l4xx_ll_spi.h:874:22:LL_SPI_DisableNSSPulseMgt	16	static
../Drivers/STM32L4xx_HAL_Driver/Inc/stm32l4xx_ll_spi.h:905:26:LL_SPI_IsActiveFlag_RXNE	16	static
../Drivers/STM32L4xx_HAL_Driver/Inc/stm32l4xx_ll_spi.h:916:26:LL_SPI_IsActiveFlag_TXE	16	static
../Drivers/STM32L4xx_HAL_Driver/Inc/stm32l4xx_ll_spi.h:967:26:LL_SPI_IsActiveFlag_BSY	16	static
../Drivers/STM32L4xx_HAL_Driver/Inc/stm32l4xx_ll_spi.h:1008:26:LL_SPI_GetTxFIFOLevel	16	static
../Drivers/STM32L4xx_HAL_Driver/Inc/stm32l4xx_ll_spi.h:1097:22:LL_SPI_EnableIT_RXNE	16	static
../Drivers/STM32L4xx_HAL_Driver/Inc/stm32l4xx_ll_spi.h:1108:22:LL_SPI_EnableIT_TXE	16	static
../Drivers/STM32L4xx_HAL_Driver/Inc/stm32l4xx_ll_spi.h:1194:22:LL_SPI_EnableDMAReq_RX	16	static
../Drivers/STM32L4xx_HAL_Driver/Inc/stm32l4xx_ll_spi.h:1205:22:LL_SPI_DisableDMAReq_RX	16	static
../Drivers/STM32L4xx_HAL_Driver/Inc/stm32l4xx_ll_spi.h:1227:22:LL_SPI_EnableDMAReq_TX	16	static
../Drivers/STM32L4xx_HAL_Driver/Inc/stm32l4xx_ll_spi.h:1238:22:LL_SPI_DisableDMAReq_TX	16	static
../Drivers/STM32L4xx_HAL_Driver/Inc/stm32l4xx_ll_spi.h:1333:25:LL_SPI_ReceiveData8	16	static
../Drivers/STM32L4xx_HAL_Driver/Inc/stm32l4xx_ll_spi.h:1356:22:LL_SPI_TransmitData8	24	static
../Drivers/STM32L4xx_HAL_Driver/Inc/stm32l4xx_ll_gpio.h:985:22:LL_GPIO_ResetOutputPin	16	static
../Core/Src/spi.c:28:6:MX_SPI3_Init	72	static
../Core/Src/spi.c:116:6:SPI_Enable_DMA_Rx_Request	16	static
../Core/Src/spi.c:120:6:SPI_Enable_DMA_Tx_Request	16	static
../Core/Src/spi.c:124:6:SPI_Disable_DMA_Requests	16	static
../Core/Src/spi.c:129:6:SPI_Enable_RXNE_TXE_Interrupts	16	static
../Core/Src/spi.c:134:6:SPI_Start_Transfer	16	static
../Core/Src/spi.c:140:6:SPI_TransmitReceive	40	static
../Core/Src/spi.c:156:6:SPI_Disable	16	static
../Core/Src/spi.c:162:6:SPI_Set_Mode	16	static
