../Drivers/STM32L4xx_HAL_Driver/Inc/stm32l4xx_ll_exti.h:1186:26:LL_EXTI_IsActiveFlag_0_31	16	static
../Drivers/STM32L4xx_HAL_Driver/Inc/stm32l4xx_ll_exti.h:1298:22:LL_EXTI_ClearFlag_0_31	16	static
../Core/Src/stm32l4xx_it.c:70:6:NMI_Handler	4	static
../Core/Src/stm32l4xx_it.c:85:6:HardFault_Handler	4	static
../Core/Src/stm32l4xx_it.c:100:6:MemManage_Handler	4	static
../Core/Src/stm32l4xx_it.c:115:6:BusFault_Handler	4	static
../Core/Src/stm32l4xx_it.c:130:6:UsageFault_Handler	4	static
../Core/Src/stm32l4xx_it.c:145:6:SVC_Handler	4	static
../Core/Src/stm32l4xx_it.c:158:6:DebugMon_Handler	4	static
../Core/Src/stm32l4xx_it.c:171:6:PendSV_Handler	4	static
../Core/Src/stm32l4xx_it.c:184:6:SysTick_Handler	4	static
../Core/Src/stm32l4xx_it.c:205:6:EXTI4_IRQHandler	8	static
../Core/Src/stm32l4xx_it.c:225:6:DMA2_Channel1_IRQHandler	8	static
../Core/Src/stm32l4xx_it.c:237:13:ADC_DRDY_interrupt_handler	4	static,ignoring_inline_asm
../Core/Src/stm32l4xx_it.c:241:13:DMA_Transfer_Complete_interrupt_handler	4	static,ignoring_inline_asm
