../Drivers/STM32L4xx_HAL_Driver/Inc/stm32l4xx_ll_exti.h:1186:26:LL_EXTI_IsActiveFlag_0_31	16	static
../Drivers/STM32L4xx_HAL_Driver/Inc/stm32l4xx_ll_exti.h:1298:22:LL_EXTI_ClearFlag_0_31	16	static
../Core/Src/stm32l4xx_it.c:71:6:NMI_Handler	4	static
../Core/Src/stm32l4xx_it.c:86:6:HardFault_Handler	4	static
../Core/Src/stm32l4xx_it.c:101:6:MemManage_Handler	4	static
../Core/Src/stm32l4xx_it.c:116:6:BusFault_Handler	4	static
../Core/Src/stm32l4xx_it.c:131:6:UsageFault_Handler	4	static
../Core/Src/stm32l4xx_it.c:146:6:SVC_Handler	4	static
../Core/Src/stm32l4xx_it.c:159:6:DebugMon_Handler	4	static
../Core/Src/stm32l4xx_it.c:172:6:PendSV_Handler	4	static
../Core/Src/stm32l4xx_it.c:185:6:SysTick_Handler	4	static
../Core/Src/stm32l4xx_it.c:206:6:EXTI4_IRQHandler	8	static
../Core/Src/stm32l4xx_it.c:226:6:DMA2_Channel1_IRQHandler	8	static
../Core/Src/stm32l4xx_it.c:240:6:DMA2_Channel2_IRQHandler	8	static
../Core/Src/stm32l4xx_it.c:252:13:ADC_DRDY_interrupt_handler	4	static,ignoring_inline_asm
../Core/Src/stm32l4xx_it.c:256:13:DMA_Transfer_Complete_RX_interrupt_handler	4	static,ignoring_inline_asm
../Core/Src/stm32l4xx_it.c:260:13:DMA_Transfer_Complete_TX_interrupt_handler	4	static,ignoring_inline_asm
